Archive member included because of file (symbol)

d:/hightectricore_entrytoolchain/toolchains/tricore/v4.9.3.0-infineon-1.0/bin/../lib/gcc/tricore/4.9.4/tc161/short-double\libgcov.a(_gcov_merge_add.o)
                              bsp/board/board_triboard_TC2X7_V1.0/board.o (__gcov_merge_add)
d:/hightectricore_entrytoolchain/toolchains/tricore/v4.9.3.0-infineon-1.0/bin/../lib/gcc/tricore/4.9.4/tc161/short-double\libgcov.a(_gcov.o)
                              d:/hightectricore_entrytoolchain/toolchains/tricore/v4.9.3.0-infineon-1.0/bin/../lib/gcc/tricore/4.9.4/tc161/short-double\libgcov.a(_gcov_merge_add.o) (__gcov_read_counter)
d:/hightectricore_entrytoolchain/toolchains/tricore/v4.9.3.0-infineon-1.0/bin/../lib/gcc/tricore/4.9.4/tc161/short-double\libgcc.a(_lshrdi3.o)
                              d:/hightectricore_entrytoolchain/toolchains/tricore/v4.9.3.0-infineon-1.0/bin/../lib/gcc/tricore/4.9.4/tc161/short-double\libgcov.a(_gcov.o) (__lshrdi3)
d:/hightectricore_entrytoolchain/toolchains/tricore/v4.9.3.0-infineon-1.0/bin/../lib/gcc/tricore/4.9.4/tc161/short-double\libgcc.a(memcpy.o)
                              d:/hightectricore_entrytoolchain/toolchains/tricore/v4.9.3.0-infineon-1.0/bin/../lib/gcc/tricore/4.9.4/tc161/short-double\libgcov.a(_gcov.o) (memcpy)
d:/hightectricore_entrytoolchain/toolchains/tricore/v4.9.3.0-infineon-1.0/bin/../lib/gcc/tricore/4.9.4/tc161/short-double\libgcc.a(_popcountsi2.o)
                              d:/hightectricore_entrytoolchain/toolchains/tricore/v4.9.3.0-infineon-1.0/bin/../lib/gcc/tricore/4.9.4/tc161/short-double\libgcov.a(_gcov.o) (__popcountsi2)
d:/hightectricore_entrytoolchain/toolchains/tricore/v4.9.3.0-infineon-1.0/bin/../lib/gcc/tricore/4.9.4/tc161/short-double\libgcc.a(divdi3.o)
                              d:/hightectricore_entrytoolchain/toolchains/tricore/v4.9.3.0-infineon-1.0/bin/../lib/gcc/tricore/4.9.4/tc161/short-double\libgcov.a(_gcov.o) (__divdi3)
d:/hightectricore_entrytoolchain/toolchains/tricore/v4.9.3.0-infineon-1.0/bin/../lib/gcc/tricore/4.9.4/tc161/short-double\libgcc.a(udivdi3.o)
                              d:/hightectricore_entrytoolchain/toolchains/tricore/v4.9.3.0-infineon-1.0/bin/../lib/gcc/tricore/4.9.4/tc161/short-double\libgcc.a(divdi3.o) (__udivdi3)
d:/hightectricore_entrytoolchain/toolchains/tricore/v4.9.3.0-infineon-1.0/bin/../lib/gcc/tricore/4.9.4/tc161/short-double\libgcc.a(_ashldi3.o)
                              d:/hightectricore_entrytoolchain/toolchains/tricore/v4.9.3.0-infineon-1.0/bin/../lib/gcc/tricore/4.9.4/tc161/short-double\libgcc.a(udivdi3.o) (__ashldi3)
d:/hightectricore_entrytoolchain/toolchains/tricore/v4.9.3.0-infineon-1.0/bin/../lib/gcc/tricore/4.9.4/tc161/short-double\libgcc.a(udiv6432.o)
                              d:/hightectricore_entrytoolchain/toolchains/tricore/v4.9.3.0-infineon-1.0/bin/../lib/gcc/tricore/4.9.4/tc161/short-double\libgcc.a(udivdi3.o) (__udiv6432)
d:/hightectricore_entrytoolchain/toolchains/tricore/v4.9.3.0-infineon-1.0/bin/../lib/gcc/tricore/4.9.4/../../../../tricore/lib/tc161/short-double\libc.a(lib_a-atexit.o)
                              d:/hightectricore_entrytoolchain/toolchains/tricore/v4.9.3.0-infineon-1.0/bin/../lib/gcc/tricore/4.9.4/tc161/short-double\libgcov.a(_gcov.o) (atexit)
d:/hightectricore_entrytoolchain/toolchains/tricore/v4.9.3.0-infineon-1.0/bin/../lib/gcc/tricore/4.9.4/../../../../tricore/lib/tc161/short-double\libc.a(lib_a-atoi.o)
                              d:/hightectricore_entrytoolchain/toolchains/tricore/v4.9.3.0-infineon-1.0/bin/../lib/gcc/tricore/4.9.4/tc161/short-double\libgcov.a(_gcov.o) (atoi)
d:/hightectricore_entrytoolchain/toolchains/tricore/v4.9.3.0-infineon-1.0/bin/../lib/gcc/tricore/4.9.4/../../../../tricore/lib/tc161/short-double\libc.a(lib_a-fclose.o)
                              d:/hightectricore_entrytoolchain/toolchains/tricore/v4.9.3.0-infineon-1.0/bin/../lib/gcc/tricore/4.9.4/tc161/short-double\libgcov.a(_gcov.o) (fclose)
d:/hightectricore_entrytoolchain/toolchains/tricore/v4.9.3.0-infineon-1.0/bin/../lib/gcc/tricore/4.9.4/../../../../tricore/lib/tc161/short-double\libc.a(lib_a-fflush.o)
                              d:/hightectricore_entrytoolchain/toolchains/tricore/v4.9.3.0-infineon-1.0/bin/../lib/gcc/tricore/4.9.4/../../../../tricore/lib/tc161/short-double\libc.a(lib_a-fclose.o) (_fflush_r)
d:/hightectricore_entrytoolchain/toolchains/tricore/v4.9.3.0-infineon-1.0/bin/../lib/gcc/tricore/4.9.4/../../../../tricore/lib/tc161/short-double\libc.a(lib_a-findfp.o)
                              d:/hightectricore_entrytoolchain/toolchains/tricore/v4.9.3.0-infineon-1.0/bin/../lib/gcc/tricore/4.9.4/../../../../tricore/lib/tc161/short-double\libc.a(lib_a-fclose.o) (__sinit)
d:/hightectricore_entrytoolchain/toolchains/tricore/v4.9.3.0-infineon-1.0/bin/../lib/gcc/tricore/4.9.4/../../../../tricore/lib/tc161/short-double\libc.a(lib_a-fopen.o)
[...]
Memory Configuration

Name             Origin             Length             Used               Free               Attributes
int_flash0       0x0000000080000000 0x0000000000200000         0x000000000000c594         0x00000000001f3a6c xr
int_flash1       0x0000000080200000 0x0000000000200000         0x0000000000000000         0x0000000000200000 xr
pspr_cpu0        0x0000000070100000 0x0000000000006000         0x0000000000000080         0x0000000000005f80 xr
pspr_cpu1        0x0000000060100000 0x0000000000008000         0x0000000000000080         0x0000000000007f80 xr
pspr_cpu2        0x0000000050100000 0x0000000000008000         0x0000000000000080         0x0000000000007f80 xr
dspr_cpu0        0x0000000070000000 0x000000000001c000         0x0000000000008738         0x00000000000138c8 w !x
dspr_cpu1        0x0000000060000000 0x000000000001e000         0x0000000000005000         0x0000000000019000 w !x
dspr_cpu2        0x0000000050000000 0x000000000001e000         0x0000000000005000         0x0000000000019000 w !x
periphery_base   0x00000000f0000000 0x0000000000000000         0x0000000000000000         0x0000000000000000
periphery_end    0x00000000ffff0000 0x0000000000000000         0x0000000000000000         0x0000000000000000
lmu              0x00000000b0000000 0x0000000000008000         0x0000000000000000         0x0000000000008000 xw
lmu_cached       0x0000000090000000 0x0000000000008000         0x0000000000000000         0x0000000000008000 xw
bmhd_0           0x00000000a0000000 0x0000000000000020         0x0000000000000020         0x0000000000000000 xr
bmhd_1           0x00000000a0020000 0x0000000000000020         0x0000000000000000         0x0000000000000020 xr
bmhd_2           0x00000000a000ffe0 0x0000000000000020         0x0000000000000000         0x0000000000000020 xr
bmhd_3           0x00000000a001ffe0 0x0000000000000020         0x0000000000000000         0x0000000000000020 xr
*default*        0x0000000000000000 0xffffffffffffffff         0x000000000007fd93         0xfffffffffff8026c

List of aliases

int_flash0      : RODATA CODE RODATA_CPU2_ CODE_CPU2_ RODATA_CPU1_ CODE_CPU1_ RODATA_CPU0_ CODE_CPU0_ BOOT
pspr_cpu0       : RAMCODE RAMCODE_CPU0_ BSP_ISR_HANDLERS_CPU0_
pspr_cpu1       : RAMCODE_CPU1_ BSP_ISR_HANDLERS_CPU1_
pspr_cpu2       : RAMCODE_CPU2_ BSP_ISR_HANDLERS_CPU2_
dspr_cpu0       : DATA DATA_DSPR_CPU0_
dspr_cpu1       : DATA_DSPR_CPU1_
dspr_cpu2       : DATA_DSPR_CPU2_

Linker script and memory map

LOAD bsp/board/board_appkit_TC2X4_V1.0/board.o
LOAD bsp/board/board_appkit_TC2X5_V1.0/board.o
LOAD bsp/board/board_appkit_TC2X5_V2.0/board.o
LOAD bsp/board/board_appkit_TC2X7_V1.X/board.o
LOAD bsp/board/board_triboard_TC2X2_V1.0/board.o
LOAD bsp/board/board_triboard_TC2X3_V1.0/board.o
LOAD bsp/board/board_triboard_TC2X3_V1.1/board.o
LOAD bsp/board/board_triboard_TC2X4_TH_V1.0/board.o
LOAD bsp/board/board_triboard_TC2X4_V1.0/board.o
LOAD bsp/board/board_triboard_TC2X4_V2.0/board.o
LOAD bsp/board/board_triboard_TC2X5_V1.0/board.o
LOAD bsp/board/board_triboard_TC2X5_V2.0/board.o
LOAD bsp/board/board_triboard_TC2X7_V1.0/board.o
LOAD bsp/board/board_triboard_TC2X8_V1.1/board.o
LOAD bsp/board/board_triboard_TC2X9_V1.1/board.o
LOAD bsp/board/board_triboard_TC2X9_V2.0/board.o
LOAD bsp/board/board_triboard_TC2X9_V2.1/board.o
LOAD bsp/board/bsp_board.o
LOAD bsp/isr/bsp_isr.o
LOAD bsp/isr/bsp_isr_vector_table.o
LOAD bsp/isr/bsp_traps_tc2.o
LOAD bsp/uc/bsp_uc.o
LOAD bsp/uc/uc_tc27/uc_tc27.o
LOAD crt0/tc2x_bmhd.o
LOAD crt0/tc2x_crt0.o
LOAD src/shared_main.o
LOAD d:/hightectricore_entrytoolchain/toolchains/tricore/v4.9.3.0-infineon-1.0/bin/../lib/gcc/tricore/4.9.4/tc161/short-double\libgcov.a
LOAD d:/hightectricore_entrytoolchain/toolchains/tricore/v4.9.3.0-infineon-1.0/bin/../lib/gcc/tricore/4.9.4/tc161/short-double\libgcc.a
LOAD d:/hightectricore_entrytoolchain/toolchains/tricore/v4.9.3.0-infineon-1.0/bin/../lib/gcc/tricore/4.9.4/../../../../tricore/lib/tc161/short-double\libc.a
LOAD d:/hightectricore_entrytoolchain/toolchains/tricore/v4.9.3.0-infineon-1.0/bin/../lib/gcc/tricore/4.9.4/../../../../tricore/lib/tc161/short-double\libos.a
LOAD d:/hightectricore_entrytoolchain/toolchains/tricore/v4.9.3.0-infineon-1.0/bin/../lib/gcc/tricore/4.9.4/../../../../tricore/lib/tc161/short-double\libm.a
LOAD d:/hightectricore_entrytoolchain/toolchains/tricore/v4.9.3.0-infineon-1.0/bin/../lib/gcc/tricore/4.9.4/../../../../tricore/lib/tc161/short-double\libc.a
LOAD d:/hightectricore_entrytoolchain/toolchains/tricore/v4.9.3.0-infineon-1.0/bin/../lib/gcc/tricore/4.9.4/tc161/short-double\libgcc.a
                0x0000000080000000                INT_FLASH_MEMORY_BASE = 0x80000000
                0x0000000000400000                INT_FLASH_MEMORY_SIZE = 0x400000
                0x0000000000001000                SHARED_STACK_SIZE = 0x1000
                0x0000000000000100                CSA_REGIONS = 0x100
                0x0000000000004000                CSA_SIZE = (CSA_REGIONS * 0x40)
                [0x0000000000001000]                __HEAP_SIZE = DEFINED (__HEAP_SIZE)?__HEAP_SIZE:0x1000

.bmhd_0_org     memory region -> bmhd_0
                0x00000000a0000000       0x20
 *(.bmhd)
 .bmhd          0x00000000a0000000       0x20 crt0/tc2x_bmhd.o

.crt0_boot      memory region -> int_flash0
                0x0000000080000020        0xc
 *(.crt0_boot.code)
 .crt0_boot.code
                0x0000000080000020        0xc crt0/tc2x_crt0.o
                0x0000000080000020                _crt0_reset

.bsp_trap_reset memory region -> int_flash0
                0x0000000080000100      0x844
 *(.bsp_trap_vector_table)
 .bsp_trap_vector_table
                0x0000000080000100      0x100 bsp/isr/bsp_traps_tc2.o
                0x0000000080000100                BSP_TRAP_VECTOR_TABLE
 *(.bsp_trap_handlers)
 .bsp_trap_handlers
                0x0000000080000200      0x744 bsp/isr/bsp_traps_tc2.o
                0x0000000080000200                Trap_0_Handler
                0x00000000800002ae                Trap_1_Handler
                0x0000000080000452                Trap_2_Handler
                0x0000000080000598                Trap_3_Handler
                0x000000008000073a                Trap_4_Handler
                0x0000000080000812                Trap_5_Handler
                0x0000000080000868                Trap_6_Handler
                0x00000000800008be                Trap_7_Handler

.CPU0.bsp_isr_vector_table memory region -> int_flash0
                0x0000000080001000      0x800
 *(.bsp_isr_vector_table_cpu0)
 .bsp_isr_vector_table_cpu0
                0x0000000080001000      0x800 bsp/isr/bsp_isr_vector_table.o
                0x0000000080001000                BSP_ISR_VECTOR_TABLE_CPU0

.CPU1.bsp_isr_vector_table memory region -> int_flash0
                0x0000000080001800      0x800
 *(.bsp_isr_vector_table_cpu1)
 .bsp_isr_vector_table_cpu1
                0x0000000080001800      0x800 bsp/isr/bsp_isr_vector_table.o
                0x0000000080001800                BSP_ISR_VECTOR_TABLE_CPU1

.CPU2.bsp_isr_vector_table memory region -> int_flash0
                0x0000000080002000      0x800
 *(.bsp_isr_vector_table_cpu2)
 .bsp_isr_vector_table_cpu2
                0x0000000080002000      0x800 bsp/isr/bsp_isr_vector_table.o
                0x0000000080002000                BSP_ISR_VECTOR_TABLE_CPU2

.CPU0.bsp_isr_ram_table memory region -> pspr_cpu0
                0x0000000070100000       0x80
 *(.BspIsrRamTable_Cpu0)
 .BspIsrRamTable_Cpu0
                0x0000000070100000       0x80 bsp/isr/bsp_isr.o
                0x0000000070100000                BspIsrRamTable_Cpu0

.CPU1.bsp_isr_ram_table memory region -> pspr_cpu1
                0x0000000060100000       0x80
 *(.BspIsrRamTable_Cpu1)
 .BspIsrRamTable_Cpu1
                0x0000000060100000       0x80 bsp/isr/bsp_isr.o
                0x0000000060100000                BspIsrRamTable_Cpu1

.CPU2.bsp_isr_ram_table memory region -> pspr_cpu2
                0x0000000050100000       0x80
 *(.BspIsrRamTable_Cpu2)
 .BspIsrRamTable_Cpu2
                0x0000000050100000       0x80 bsp/isr/bsp_isr.o
                0x0000000050100000                BspIsrRamTable_Cpu2

.CPU0.csa       memory region -> dspr_cpu0
                0x0000000070000000     0x4000
                0x0000000070000000                . = ALIGN (0x40)
                0x0000000070000000                __CSA_BASE_CPU0_ = .
                0x0000000070004000                . = (. + CSA_SIZE)
 *fill*         0x0000000070000000     0x4000 00

.CPU1.csa       memory region -> dspr_cpu1
                0x0000000060000000     0x4000
                0x0000000060000000                . = ALIGN (0x40)
                0x0000000060000000                __CSA_BASE_CPU1_ = .
                0x0000000060004000                . = (. + CSA_SIZE)
 *fill*         0x0000000060000000     0x4000 00

.CPU2.csa       memory region -> dspr_cpu2
                0x0000000050000000     0x4000
                0x0000000050000000                . = ALIGN (0x40)
                0x0000000050000000                __CSA_BASE_CPU2_ = .
                0x0000000050004000                . = (. + CSA_SIZE)
 *fill*         0x0000000050000000     0x4000 00

.CPU0.stack     memory region -> dspr_cpu0
                0x0000000070004000     0x1000
                0x0000000070004000                . = ALIGN (0x8)
                0x0000000070004000                __STACK_BASE_CPU0_ = .
                0x0000000070005000                . = (. + SHARED_STACK_SIZE)
 *fill*         0x0000000070004000     0x1000 00

.CPU1.stack     memory region -> dspr_cpu1
                0x0000000060004000     0x1000
                0x0000000060004000                . = ALIGN (0x8)
                0x0000000060004000                __STACK_BASE_CPU1_ = .
                0x0000000060005000                . = (. + SHARED_STACK_SIZE)
 *fill*         0x0000000060004000     0x1000 00

.CPU2.stack     memory region -> dspr_cpu2
                0x0000000050004000     0x1000
                0x0000000050004000                . = ALIGN (0x8)
                0x0000000050004000                __STACK_BASE_CPU2_ = .
                0x0000000050005000                . = (. + SHARED_STACK_SIZE)
 *fill*         0x0000000050004000     0x1000 00

.CPU0.code

.CPU0.ramcode   memory region -> pspr_cpu0
                0x0000000070100080        0x0 load address 0x0000000080002800

.CPU0.rodata

.CPU0.data      memory region -> dspr_cpu0
                0x0000000070005000        0x0 load address 0x0000000080002800

.CPU0.bss       memory region -> dspr_cpu0
                0x0000000070005000        0x0 load address 0x0000000080002800

.CPU1.code

.CPU1.ramcode   memory region -> pspr_cpu1
                0x0000000060100080        0x0 load address 0x0000000080002800

.CPU1.rodata

.CPU1.data      memory region -> dspr_cpu1
                0x0000000060005000        0x0 load address 0x0000000080002800

.CPU1.bss       memory region -> dspr_cpu1
                0x0000000060005000        0x0 load address 0x0000000080002800

.CPU2.code

.CPU2.ramcode   memory region -> pspr_cpu2
                0x0000000050100080        0x0 load address 0x0000000080002800

.CPU2.rodata

.CPU2.data      memory region -> dspr_cpu2
                0x0000000050005000        0x0 load address 0x0000000080002800

.CPU2.bss       memory region -> dspr_cpu2
                0x0000000050005000        0x0 load address 0x0000000080002800

.code           memory region -> int_flash0
                0x0000000080002800     0x845a
 *(.text*)
 .text.bsp_board_wdg_Disable
                0x0000000080002800       0x28 bsp/board/board_triboard_TC2X7_V1.0/board.o
                0x0000000080002800                bsp_board_wdg_Disable
 .text._GLOBAL__sub_I_65535_0_board_led
                0x0000000080002828       0x12 bsp/board/board_triboard_TC2X7_V1.0/board.o
 .text.bsp_board_led_InitAll
                0x000000008000283a       0xa0 bsp/board/bsp_board.o
                0x000000008000283a                bsp_board_led_InitAll
 .text.bsp_board_led_Init
                0x00000000800028da       0xea bsp/board/bsp_board.o
                0x00000000800028da                bsp_board_led_Init
 .text.bsp_board_led_Set
                0x00000000800029c4       0x8c bsp/board/bsp_board.o
                0x00000000800029c4                bsp_board_led_Set
 .text._GLOBAL__sub_I_65535_0_bsp_board_led_InitAll
                0x0000000080002a50       0x12 bsp/board/bsp_board.o
 .text.isr_undef_handler
                0x0000000080002a62       0x4e bsp/isr/bsp_isr.o
                0x0000000080002a62                isr_undef_handler
 .text.bsp_isr_Init
                0x0000000080002ab0      0x1c4 bsp/isr/bsp_isr.o
                0x0000000080002ab0                bsp_isr_Init
 .text.bsp_isr_RegisterHandler
                0x0000000080002c74      0x120 bsp/isr/bsp_isr.o
                0x0000000080002c74                bsp_isr_RegisterHandler
 .text._GLOBAL__sub_I_65535_0_isr_undef_handler
                0x0000000080002d94       0x12 bsp/isr/bsp_isr.o
 .text._GLOBAL__sub_I_65535_0_Trap_0_Handler
                0x0000000080002da6       0x12 bsp/isr/bsp_traps_tc2.o
 .text.bsp_uc_scu_wdt_DisableSafetyWatchdog
                0x0000000080002db8       0x8c bsp/uc/bsp_uc.o
                0x0000000080002db8                bsp_uc_scu_wdt_DisableSafetyWatchdog
 .text.bsp_uc_scu_wdt_DisableCpuWatchdog
                0x0000000080002e44       0xc8 bsp/uc/bsp_uc.o
                0x0000000080002e44                bsp_uc_scu_wdt_DisableCpuWatchdog
 .text.bsp_uc_scu_EnableXOSC
                0x0000000080002f0c      0x2a2 bsp/uc/bsp_uc.o
                0x0000000080002f0c                bsp_uc_scu_EnableXOSC
 .text.bsp_uc_scu_EnablePLL
                0x00000000800031ae      0x2d6 bsp/uc/bsp_uc.o
                0x00000000800031ae                bsp_uc_scu_EnablePLL
 .text.bsp_uc_scu_SwitchSystemClock
                0x0000000080003484      0x76e bsp/uc/bsp_uc.o
                0x0000000080003484                bsp_uc_scu_SwitchSystemClock
 .text.bsp_uc_scu_SetCcuCon
                0x0000000080003bf2      0x118 bsp/uc/bsp_uc.o
                0x0000000080003bf2                bsp_uc_scu_SetCcuCon
 .text.bsp_uc_core_StartCore
                0x0000000080003d0a      0x152 bsp/uc/bsp_uc.o
                0x0000000080003d0a                bsp_uc_core_StartCore
 .text.bsp_uc_core_StartAllCores
                0x0000000080003e5c       0x9e bsp/uc/bsp_uc.o
                0x0000000080003e5c                bsp_uc_core_StartAllCores
 .text.bsp_uc_port_EnableOutput
                0x0000000080003efa      0x234 bsp/uc/bsp_uc.o
                0x0000000080003efa                bsp_uc_port_EnableOutput
 .text.bsp_uc_port_SetGPIO
                0x000000008000412e       0xb0 bsp/uc/bsp_uc.o
                0x000000008000412e                bsp_uc_port_SetGPIO
 .text.bsp_uc_pflash_SetWs
                0x00000000800041de       0xc2 bsp/uc/bsp_uc.o
                0x00000000800041de                bsp_uc_pflash_SetWs
 .text.bsp_uc_dflash_SetWs
                0x00000000800042a0       0xc2 bsp/uc/bsp_uc.o
                0x00000000800042a0                bsp_uc_dflash_SetWs
 .text.bsp_uc_core_EnableICache
                0x0000000080004362      0x12e bsp/uc/bsp_uc.o
                0x0000000080004362                bsp_uc_core_EnableICache
 .text.bsp_uc_core_GetCurrentCore
                0x0000000080004490       0x68 bsp/uc/bsp_uc.o
                0x0000000080004490                bsp_uc_core_GetCurrentCore
 .text.bsp_uc_stm_ReloadChannel
                0x00000000800044f8       0x5a bsp/uc/bsp_uc.o
                0x00000000800044f8                bsp_uc_stm_ReloadChannel
 .text.bsp_uc_stm_EnableChannelIsr
                0x0000000080004552       0x8a bsp/uc/bsp_uc.o
                0x0000000080004552                bsp_uc_stm_EnableChannelIsr
 .text.bsp_uc_stm_ClearChannelIsrFlag
                0x00000000800045dc       0x54 bsp/uc/bsp_uc.o
                0x00000000800045dc                bsp_uc_stm_ClearChannelIsrFlag
 .text.bsp_uc_stm_GetChannelCurrentValue
                0x0000000080004630       0x4a bsp/uc/bsp_uc.o
                0x0000000080004630                bsp_uc_stm_GetChannelCurrentValue
 .text.bsp_uc_stm_Wait
                0x000000008000467a      0x126 bsp/uc/bsp_uc.o
                0x000000008000467a                bsp_uc_stm_Wait
 .text.bsp_uc_intc_SetBIV
                0x00000000800047a0       0xf4 bsp/uc/bsp_uc.o
                0x00000000800047a0                bsp_uc_intc_SetBIV
 .text.bsp_uc_intc_stm_SetSRC
                0x0000000080004894       0xa2 bsp/uc/bsp_uc.o
                0x0000000080004894                bsp_uc_intc_stm_SetSRC
 .text.bsp_uc_intc_EnableExternalInterrupts
                0x0000000080004936       0x50 bsp/uc/bsp_uc.o
                0x0000000080004936                bsp_uc_intc_EnableExternalInterrupts
 .text.bsp_uc_InitClock
                0x0000000080004986      0x1ee bsp/uc/bsp_uc.o
                0x0000000080004986                bsp_uc_InitClock
 .text._GLOBAL__sub_I_65535_0_bsp_uc_scu_wdt_DisableSafetyWatchdog
                0x0000000080004b74       0x12 bsp/uc/bsp_uc.o
 .text          0x0000000080004b86      0x1bc crt0/tc2x_crt0.o
                0x0000000080004b86                _start
                0x0000000080004c82                Crt0BssInit
                0x0000000080004caa                Crt0DataInit
                0x0000000080004cda                Crt0CtorInit
 .text.TimerMulticoreIsrHandler
                0x0000000080004d42       0xf4 src/shared_main.o
                0x0000000080004d42                TimerMulticoreIsrHandler
 .text.shared_main
                0x0000000080004e36      0x1aa src/shared_main.o
                0x0000000080004e36                shared_main
 .text.Crt0PreInit
                0x0000000080004fe0       0xfe src/shared_main.o
                0x0000000080004fe0                Crt0PreInit
 .text.Crt0PostInit
                0x00000000800050de      0x168 src/shared_main.o
                0x00000000800050de                Crt0PostInit
 .text._GLOBAL__sub_I_65535_0_TimerMulticoreIsrHandler
                0x0000000080005246       0x12 src/shared_main.o
 .text.__gcov_merge_add
                0x0000000080005258       0x20 d:/hightectricore_entrytoolchain/toolchains/tricore/v4.9.3.0-infineon-1.0/bin/../lib/gcc/tricore/4.9.4/tc161/short-double\libgcov.a(_gcov_merge_add.o)
                0x0000000080005258                __gcov_merge_add
 .text.crc32_unsigned
                0x0000000080005278       0x26 d:/hightectricore_entrytoolchain/toolchains/tricore/v4.9.3.0-infineon-1.0/bin/../lib/gcc/tricore/4.9.4/tc161/short-double\libgcov.a(_gcov.o)
 .text.gcov_write_block
                0x000000008000529e       0x34 d:/hightectricore_entrytoolchain/toolchains/tricore/v4.9.3.0-infineon-1.0/bin/../lib/gcc/tricore/4.9.4/tc161/short-double\libgcov.a(_gcov.o)
 .text.gcov_write_words
                0x00000000800052d2       0x3c d:/hightectricore_entrytoolchain/toolchains/tricore/v4.9.3.0-infineon-1.0/bin/../lib/gcc/tricore/4.9.4/tc161/short-double\libgcov.a(_gcov.o)
 .text.gcov_read_words
                0x000000008000530e       0x7c d:/hightectricore_entrytoolchain/toolchains/tricore/v4.9.3.0-infineon-1.0/bin/../lib/gcc/tricore/4.9.4/tc161/short-double\libgcov.a(_gcov.o)
 .text.free_fn_data
                0x000000008000538a       0x3c d:/hightectricore_entrytoolchain/toolchains/tricore/v4.9.3.0-infineon-1.0/bin/../lib/gcc/tricore/4.9.4/tc161/short-double\libgcov.a(_gcov.o)
 .text.gcov_histo_index
                0x00000000800053c6       0x38 d:/hightectricore_entrytoolchain/toolchains/tricore/v4.9.3.0-infineon-1.0/bin/../lib/gcc/tricore/4.9.4/tc161/short-double\libgcov.a(_gcov.o)
 .text.gcov_error
                0x00000000800053fe       0x12 d:/hightectricore_entrytoolchain/toolchains/tricore/v4.9.3.0-infineon-1.0/bin/../lib/gcc/tricore/4.9.4/tc161/short-double\libgcov.a(_gcov.o)
 .text.gcov_version.isra.1
                0x0000000080005410       0x66 d:/hightectricore_entrytoolchain/toolchains/tricore/v4.9.3.0-infineon-1.0/bin/../lib/gcc/tricore/4.9.4/tc161/short-double\libgcov.a(_gcov.o)
 .text.__gcov_rewrite
                0x0000000080005476       0x24 d:/hightectricore_entrytoolchain/toolchains/tricore/v4.9.3.0-infineon-1.0/bin/../lib/gcc/tricore/4.9.4/tc161/short-double\libgcov.a(_gcov.o)
                0x0000000080005476                __gcov_rewrite
 .text.__gcov_open
                0x000000008000549a       0x60 d:/hightectricore_entrytoolchain/toolchains/tricore/v4.9.3.0-infineon-1.0/bin/../lib/gcc/tricore/4.9.4/tc161/short-double\libgcov.a(_gcov.o)
                0x000000008000549a                __gcov_open
 .text.__gcov_close
                0x00000000800054fa       0x32 d:/hightectricore_entrytoolchain/toolchains/tricore/v4.9.3.0-infineon-1.0/bin/../lib/gcc/tricore/4.9.4/tc161/short-double\libgcov.a(_gcov.o)
                0x00000000800054fa                __gcov_close
 .text.__gcov_write_unsigned
                0x000000008000552c        0xc d:/hightectricore_entrytoolchain/toolchains/tricore/v4.9.3.0-infineon-1.0/bin/../lib/gcc/tricore/4.9.4/tc161/short-double\libgcov.a(_gcov.o)
                0x000000008000552c                __gcov_write_unsigned
 .text.__gcov_write_counter
                0x0000000080005538       0x12 d:/hightectricore_entrytoolchain/toolchains/tricore/v4.9.3.0-infineon-1.0/bin/../lib/gcc/tricore/4.9.4/tc161/short-double\libgcov.a(_gcov.o)
                0x0000000080005538                __gcov_write_counter
 .text.__gcov_write_tag_length
                0x000000008000554a       0x12 d:/hightectricore_entrytoolchain/toolchains/tricore/v4.9.3.0-infineon-1.0/bin/../lib/gcc/tricore/4.9.4/tc161/short-double\libgcov.a(_gcov.o)
                0x000000008000554a                __gcov_write_tag_length
 .text.__gcov_write_summary
                0x000000008000555c       0xd6 d:/hightectricore_entrytoolchain/toolchains/tricore/v4.9.3.0-infineon-1.0/bin/../lib/gcc/tricore/4.9.4/tc161/short-double\libgcov.a(_gcov.o)
                0x000000008000555c                __gcov_write_summary
 .text.__gcov_read_unsigned
                0x0000000080005632        0xe d:/hightectricore_entrytoolchain/toolchains/tricore/v4.9.3.0-infineon-1.0/bin/../lib/gcc/tricore/4.9.4/tc161/short-double\libgcov.a(_gcov.o)
                0x0000000080005632                __gcov_read_unsigned
 .text.__gcov_read_counter
                0x0000000080005640       0x18 d:/hightectricore_entrytoolchain/toolchains/tricore/v4.9.3.0-infineon-1.0/bin/../lib/gcc/tricore/4.9.4/tc161/short-double\libgcov.a(_gcov.o)
                0x0000000080005640                __gcov_read_counter
 .text.__gcov_read_summary
                0x0000000080005658       0xd2 d:/hightectricore_entrytoolchain/toolchains/tricore/v4.9.3.0-infineon-1.0/bin/../lib/gcc/tricore/4.9.4/tc161/short-double\libgcov.a(_gcov.o)
                0x0000000080005658                __gcov_read_summary
 .text.__gcov_seek
                0x000000008000572a       0x36 d:/hightectricore_entrytoolchain/toolchains/tricore/v4.9.3.0-infineon-1.0/bin/../lib/gcc/tricore/4.9.4/tc161/short-double\libgcov.a(_gcov.o)
                0x000000008000572a                __gcov_seek
 .text.gcov_exit.part.3
                0x0000000080005760      0xca0 d:/hightectricore_entrytoolchain/toolchains/tricore/v4.9.3.0-infineon-1.0/bin/../lib/gcc/tricore/4.9.4/tc161/short-double\libgcov.a(_gcov.o)
 .text.gcov_exit
                0x0000000080006400       0x10 d:/hightectricore_entrytoolchain/toolchains/tricore/v4.9.3.0-infineon-1.0/bin/../lib/gcc/tricore/4.9.4/tc161/short-double\libgcov.a(_gcov.o)
                0x0000000080006400                gcov_exit
 .text.__gcov_init
                0x0000000080006410       0x56 d:/hightectricore_entrytoolchain/toolchains/tricore/v4.9.3.0-infineon-1.0/bin/../lib/gcc/tricore/4.9.4/tc161/short-double\libgcov.a(_gcov.o)
                0x0000000080006410                __gcov_init
 .text.libgcc   0x0000000080006466       0x26 d:/hightectricore_entrytoolchain/toolchains/tricore/v4.9.3.0-infineon-1.0/bin/../lib/gcc/tricore/4.9.4/tc161/short-double\libgcc.a(_lshrdi3.o)
                0x0000000080006466                __lshrdi3
 .text.libgcc   0x000000008000648c       0x10 d:/hightectricore_entrytoolchain/toolchains/tricore/v4.9.3.0-infineon-1.0/bin/../lib/gcc/tricore/4.9.4/tc161/short-double\libgcc.a(memcpy.o)
                0x000000008000648c                memcpy
 .text.__popcountsi2
                0x000000008000649c       0x42 d:/hightectricore_entrytoolchain/toolchains/tricore/v4.9.3.0-infineon-1.0/bin/../lib/gcc/tricore/4.9.4/tc161/short-double\libgcc.a(_popcountsi2.o)
                0x000000008000649c                __popcountsi2
 .text.__divdi3
                0x00000000800064de       0x8a d:/hightectricore_entrytoolchain/toolchains/tricore/v4.9.3.0-infineon-1.0/bin/../lib/gcc/tricore/4.9.4/tc161/short-double\libgcc.a(divdi3.o)
                0x00000000800064de                __divdi3
 .text.__udivdi3
                0x0000000080006568       0xa0 d:/hightectricore_entrytoolchain/toolchains/tricore/v4.9.3.0-infineon-1.0/bin/../lib/gcc/tricore/4.9.4/tc161/short-double\libgcc.a(udivdi3.o)
                0x0000000080006568                __udivdi3
 .text.libgcc   0x0000000080006608       0x1a d:/hightectricore_entrytoolchain/toolchains/tricore/v4.9.3.0-infineon-1.0/bin/../lib/gcc/tricore/4.9.4/tc161/short-double\libgcc.a(_ashldi3.o)
                0x0000000080006608                __ashldi3
 .text.__udiv6432
                0x0000000080006622       0x9c d:/hightectricore_entrytoolchain/toolchains/tricore/v4.9.3.0-infineon-1.0/bin/../lib/gcc/tricore/4.9.4/tc161/short-double\libgcc.a(udiv6432.o)
                0x0000000080006622                __udiv6432
 .text.atexit   0x00000000800066be        0xa d:/hightectricore_entrytoolchain/toolchains/tricore/v4.9.3.0-infineon-1.0/bin/../lib/gcc/tricore/4.9.4/../../../../tricore/lib/tc161/short-double\libc.a(lib_a-atexit.o)
                0x00000000800066be                atexit
 .text.atoi     0x00000000800066c8        0xa d:/hightectricore_entrytoolchain/toolchains/tricore/v4.9.3.0-infineon-1.0/bin/../lib/gcc/tricore/4.9.4/../../../../tricore/lib/tc161/short-double\libc.a(lib_a-atoi.o)
                0x00000000800066c8                atoi
 .text._fclose_r
                0x00000000800066d2       0x86 d:/hightectricore_entrytoolchain/toolchains/tricore/v4.9.3.0-infineon-1.0/bin/../lib/gcc/tricore/4.9.4/../../../../tricore/lib/tc161/short-double\libc.a(lib_a-fclose.o)
                0x00000000800066d2                _fclose_r
 .text.fclose   0x0000000080006758        0xe d:/hightectricore_entrytoolchain/toolchains/tricore/v4.9.3.0-infineon-1.0/bin/../lib/gcc/tricore/4.9.4/../../../../tricore/lib/tc161/short-double\libc.a(lib_a-fclose.o)
                0x0000000080006758                fclose
 .text._fflush_r
                0x0000000080006766      0x112 d:/hightectricore_entrytoolchain/toolchains/tricore/v4.9.3.0-infineon-1.0/bin/../lib/gcc/tricore/4.9.4/../../../../tricore/lib/tc161/short-double\libc.a(lib_a-fflush.o)
                0x0000000080006766                _fflush_r
 .text.fflush   0x0000000080006878       0x24 d:/hightectricore_entrytoolchain/toolchains/tricore/v4.9.3.0-infineon-1.0/bin/../lib/gcc/tricore/4.9.4/../../../../tricore/lib/tc161/short-double\libc.a(lib_a-fflush.o)
                0x0000000080006878                fflush
 .text._cleanup_r
                0x000000008000689c        0xc d:/hightectricore_entrytoolchain/toolchains/tricore/v4.9.3.0-infineon-1.0/bin/../lib/gcc/tricore/4.9.4/../../../../tricore/lib/tc161/short-double\libc.a(lib_a-findfp.o)
                0x000000008000689c                _cleanup_r
 .text.__sfmoreglue
                0x00000000800068a8       0x2c d:/hightectricore_entrytoolchain/toolchains/tricore/v4.9.3.0-infineon-1.0/bin/../lib/gcc/tricore/4.9.4/../../../../tricore/lib/tc161/short-double\libc.a(lib_a-findfp.o)
                0x00000000800068a8                __sfmoreglue
 .text.__sinit  0x00000000800068d4       0xe2 d:/hightectricore_entrytoolchain/toolchains/tricore/v4.9.3.0-infineon-1.0/bin/../lib/gcc/tricore/4.9.4/../../../../tricore/lib/tc161/short-double\libc.a(lib_a-findfp.o)
                0x00000000800068d4                __sinit
 .text.__sfp    0x00000000800069b6       0x88 d:/hightectricore_entrytoolchain/toolchains/tricore/v4.9.3.0-infineon-1.0/bin/../lib/gcc/tricore/4.9.4/../../../../tricore/lib/tc161/short-double\libc.a(lib_a-findfp.o)
                0x00000000800069b6                __sfp
 .text.__sfp_lock_acquire
                0x0000000080006a3e        0x2 d:/hightectricore_entrytoolchain/toolchains/tricore/v4.9.3.0-infineon-1.0/bin/../lib/gcc/tricore/4.9.4/../../../../tricore/lib/tc161/short-double\libc.a(lib_a-findfp.o)
                0x0000000080006a3e                __sfp_lock_acquire
 .text.__sfp_lock_release
                0x0000000080006a40        0x2 d:/hightectricore_entrytoolchain/toolchains/tricore/v4.9.3.0-infineon-1.0/bin/../lib/gcc/tricore/4.9.4/../../../../tricore/lib/tc161/short-double\libc.a(lib_a-findfp.o)
                0x0000000080006a40                __sfp_lock_release
 .text._fopen_r
                0x0000000080006a42       0x88 d:/hightectricore_entrytoolchain/toolchains/tricore/v4.9.3.0-infineon-1.0/bin/../lib/gcc/tricore/4.9.4/../../../../tricore/lib/tc161/short-double\libc.a(lib_a-fopen.o)
                0x0000000080006a42                _fopen_r
 .text.fopen    0x0000000080006aca       0x12 d:/hightectricore_entrytoolchain/toolchains/tricore/v4.9.3.0-infineon-1.0/bin/../lib/gcc/tricore/4.9.4/../../../../tricore/lib/tc161/short-double\libc.a(lib_a-fopen.o)
                0x0000000080006aca                fopen
 .text.fprintf  0x0000000080006adc       0x14 d:/hightectricore_entrytoolchain/toolchains/tricore/v4.9.3.0-infineon-1.0/bin/../lib/gcc/tricore/4.9.4/../../../../tricore/lib/tc161/short-double\libc.a(lib_a-fprintf.o)
                0x0000000080006adc                fprintf
 .text._fread_r
                0x0000000080006af0       0x8e d:/hightectricore_entrytoolchain/toolchains/tricore/v4.9.3.0-infineon-1.0/bin/../lib/gcc/tricore/4.9.4/../../../../tricore/lib/tc161/short-double\libc.a(lib_a-fread.o)
                0x0000000080006af0                _fread_r
 .text.fread    0x0000000080006b7e       0x12 d:/hightectricore_entrytoolchain/toolchains/tricore/v4.9.3.0-infineon-1.0/bin/../lib/gcc/tricore/4.9.4/../../../../tricore/lib/tc161/short-double\libc.a(lib_a-fread.o)
                0x0000000080006b7e                fread
 .text._malloc_trim_r
                0x0000000080006b90       0xba d:/hightectricore_entrytoolchain/toolchains/tricore/v4.9.3.0-infineon-1.0/bin/../lib/gcc/tricore/4.9.4/../../../../tricore/lib/tc161/short-double\libc.a(lib_a-freer.o)
                0x0000000080006b90                _malloc_trim_r
 .text._free_r  0x0000000080006c4a      0x1ac d:/hightectricore_entrytoolchain/toolchains/tricore/v4.9.3.0-infineon-1.0/bin/../lib/gcc/tricore/4.9.4/../../../../tricore/lib/tc161/short-double\libc.a(lib_a-freer.o)
                0x0000000080006c4a                _free_r
 .text._fseek_r
                0x0000000080006df6      0x272 d:/hightectricore_entrytoolchain/toolchains/tricore/v4.9.3.0-infineon-1.0/bin/../lib/gcc/tricore/4.9.4/../../../../tricore/lib/tc161/short-double\libc.a(lib_a-fseek.o)
                0x0000000080006df6                _fseek_r
 .text.fseek    0x0000000080007068        0xe d:/hightectricore_entrytoolchain/toolchains/tricore/v4.9.3.0-infineon-1.0/bin/../lib/gcc/tricore/4.9.4/../../../../tricore/lib/tc161/short-double\libc.a(lib_a-fseek.o)
                0x0000000080007068                fseek
 .text._fstat_r
                0x0000000080007076       0x20 d:/hightectricore_entrytoolchain/toolchains/tricore/v4.9.3.0-infineon-1.0/bin/../lib/gcc/tricore/4.9.4/../../../../tricore/lib/tc161/short-double\libc.a(lib_a-fstatr.o)
                0x0000000080007076                _fstat_r
 .text._ftell_r
                0x0000000080007096       0x6c d:/hightectricore_entrytoolchain/toolchains/tricore/v4.9.3.0-infineon-1.0/bin/../lib/gcc/tricore/4.9.4/../../../../tricore/lib/tc161/short-double\libc.a(lib_a-ftell.o)
                0x0000000080007096                _ftell_r
 .text.ftell    0x0000000080007102        0xe d:/hightectricore_entrytoolchain/toolchains/tricore/v4.9.3.0-infineon-1.0/bin/../lib/gcc/tricore/4.9.4/../../../../tricore/lib/tc161/short-double\libc.a(lib_a-ftell.o)
                0x0000000080007102                ftell
 .text._fwalk   0x0000000080007110       0x42 d:/hightectricore_entrytoolchain/toolchains/tricore/v4.9.3.0-infineon-1.0/bin/../lib/gcc/tricore/4.9.4/../../../../tricore/lib/tc161/short-double\libc.a(lib_a-fwalk.o)
                0x0000000080007110                _fwalk
 .text._fwalk_reent
                0x0000000080007152       0x46 d:/hightectricore_entrytoolchain/toolchains/tricore/v4.9.3.0-infineon-1.0/bin/../lib/gcc/tricore/4.9.4/../../../../tricore/lib/tc161/short-double\libc.a(lib_a-fwalk.o)
                0x0000000080007152                _fwalk_reent
 .text._fwrite_r
                0x0000000080007198       0x6a d:/hightectricore_entrytoolchain/toolchains/tricore/v4.9.3.0-infineon-1.0/bin/../lib/gcc/tricore/4.9.4/../../../../tricore/lib/tc161/short-double\libc.a(lib_a-fwrite.o)
                0x0000000080007198                _fwrite_r
 .text.fwrite   0x0000000080007202       0x12 d:/hightectricore_entrytoolchain/toolchains/tricore/v4.9.3.0-infineon-1.0/bin/../lib/gcc/tricore/4.9.4/../../../../tricore/lib/tc161/short-double\libc.a(lib_a-fwrite.o)
                0x0000000080007202                fwrite
 .text.getenv   0x0000000080007214       0x14 d:/hightectricore_entrytoolchain/toolchains/tricore/v4.9.3.0-infineon-1.0/bin/../lib/gcc/tricore/4.9.4/../../../../tricore/lib/tc161/short-double\libc.a(lib_a-getenv.o)
                0x0000000080007214                getenv
 .text._findenv_r
                0x0000000080007228       0x82 d:/hightectricore_entrytoolchain/toolchains/tricore/v4.9.3.0-infineon-1.0/bin/../lib/gcc/tricore/4.9.4/../../../../tricore/lib/tc161/short-double\libc.a(lib_a-getenv_r.o)
                0x0000000080007228                _findenv_r
 .text.__smakebuf_r
                0x00000000800072aa       0xd4 d:/hightectricore_entrytoolchain/toolchains/tricore/v4.9.3.0-infineon-1.0/bin/../lib/gcc/tricore/4.9.4/../../../../tricore/lib/tc161/short-double\libc.a(lib_a-makebuf.o)
                0x00000000800072aa                __smakebuf_r
 .text.malloc   0x000000008000737e        0xc d:/hightectricore_entrytoolchain/toolchains/tricore/v4.9.3.0-infineon-1.0/bin/../lib/gcc/tricore/4.9.4/../../../../tricore/lib/tc161/short-double\libc.a(lib_a-malloc.o)
                0x000000008000737e                malloc
 .text.free     0x000000008000738a        0xe d:/hightectricore_entrytoolchain/toolchains/tricore/v4.9.3.0-infineon-1.0/bin/../lib/gcc/tricore/4.9.4/../../../../tricore/lib/tc161/short-double\libc.a(lib_a-malloc.o)
                0x000000008000738a                free
 .text._malloc_r
                0x0000000080007398      0x49a d:/hightectricore_entrytoolchain/toolchains/tricore/v4.9.3.0-infineon-1.0/bin/../lib/gcc/tricore/4.9.4/../../../../tricore/lib/tc161/short-double\libc.a(lib_a-mallocr.o)
                0x0000000080007398                _malloc_r
 .text.memset   0x0000000080007832       0x10 d:/hightectricore_entrytoolchain/toolchains/tricore/v4.9.3.0-infineon-1.0/bin/../lib/gcc/tricore/4.9.4/../../../../tricore/lib/tc161/short-double\libc.a(lib_a-memset.o)
                0x0000000080007832                memset
 .text.__malloc_lock
                0x0000000080007842        0x2 d:/hightectricore_entrytoolchain/toolchains/tricore/v4.9.3.0-infineon-1.0/bin/../lib/gcc/tricore/4.9.4/../../../../tricore/lib/tc161/short-double\libc.a(lib_a-mlock.o)
                0x0000000080007842                __malloc_lock
 .text.__malloc_unlock
                0x0000000080007844        0x2 d:/hightectricore_entrytoolchain/toolchains/tricore/v4.9.3.0-infineon-1.0/bin/../lib/gcc/tricore/4.9.4/../../../../tricore/lib/tc161/short-double\libc.a(lib_a-mlock.o)
                0x0000000080007844                __malloc_unlock
 .text._open_r  0x0000000080007846       0x24 d:/hightectricore_entrytoolchain/toolchains/tricore/v4.9.3.0-infineon-1.0/bin/../lib/gcc/tricore/4.9.4/../../../../tricore/lib/tc161/short-double\libc.a(lib_a-openr.o)
                0x0000000080007846                _open_r
 .text.lflush   0x000000008000786a       0x12 d:/hightectricore_entrytoolchain/toolchains/tricore/v4.9.3.0-infineon-1.0/bin/../lib/gcc/tricore/4.9.4/../../../../tricore/lib/tc161/short-double\libc.a(lib_a-refill.o)
 .text.__srefill_r
                0x000000008000787c       0xdc d:/hightectricore_entrytoolchain/toolchains/tricore/v4.9.3.0-infineon-1.0/bin/../lib/gcc/tricore/4.9.4/../../../../tricore/lib/tc161/short-double\libc.a(lib_a-refill.o)
                0x000000008000787c                __srefill_r
 .text._sbrk_r  0x0000000080007958       0x1e d:/hightectricore_entrytoolchain/toolchains/tricore/v4.9.3.0-infineon-1.0/bin/../lib/gcc/tricore/4.9.4/../../../../tricore/lib/tc161/short-double\libc.a(lib_a-sbrkr.o)
                0x0000000080007958                _sbrk_r
 .text.setbuf   0x0000000080007976        0xe d:/hightectricore_entrytoolchain/toolchains/tricore/v4.9.3.0-infineon-1.0/bin/../lib/gcc/tricore/4.9.4/../../../../tricore/lib/tc161/short-double\libc.a(lib_a-setbuf.o)
                0x0000000080007976                setbuf
 .text.setvbuf  0x0000000080007984       0xe0 d:/hightectricore_entrytoolchain/toolchains/tricore/v4.9.3.0-infineon-1.0/bin/../lib/gcc/tricore/4.9.4/../../../../tricore/lib/tc161/short-double\libc.a(lib_a-setvbuf.o)
                0x0000000080007984                setvbuf
 .text.__sread  0x0000000080007a64       0x26 d:/hightectricore_entrytoolchain/toolchains/tricore/v4.9.3.0-infineon-1.0/bin/../lib/gcc/tricore/4.9.4/../../../../tricore/lib/tc161/short-double\libc.a(lib_a-stdio.o)
                0x0000000080007a64                __sread
 .text.__swrite
                0x0000000080007a8a       0x2c d:/hightectricore_entrytoolchain/toolchains/tricore/v4.9.3.0-infineon-1.0/bin/../lib/gcc/tricore/4.9.4/../../../../tricore/lib/tc161/short-double\libc.a(lib_a-stdio.o)
                0x0000000080007a8a                __swrite
 .text.__sseek  0x0000000080007ab6       0x2a d:/hightectricore_entrytoolchain/toolchains/tricore/v4.9.3.0-infineon-1.0/bin/../lib/gcc/tricore/4.9.4/../../../../tricore/lib/tc161/short-double\libc.a(lib_a-stdio.o)
                0x0000000080007ab6                __sseek
 .text.__sclose
                0x0000000080007ae0        0x8 d:/hightectricore_entrytoolchain/toolchains/tricore/v4.9.3.0-infineon-1.0/bin/../lib/gcc/tricore/4.9.4/../../../../tricore/lib/tc161/short-double\libc.a(lib_a-stdio.o)
                0x0000000080007ae0                __sclose
 .text.strlen   0x0000000080007ae8       0x14 d:/hightectricore_entrytoolchain/toolchains/tricore/v4.9.3.0-infineon-1.0/bin/../lib/gcc/tricore/4.9.4/../../../../tricore/lib/tc161/short-double\libc.a(lib_a-strlen.o)
                0x0000000080007ae8                strlen
 .text.strncmp  0x0000000080007afc       0x38 d:/hightectricore_entrytoolchain/toolchains/tricore/v4.9.3.0-infineon-1.0/bin/../lib/gcc/tricore/4.9.4/../../../../tricore/lib/tc161/short-double\libc.a(lib_a-strncmp.o)
                0x0000000080007afc                strncmp
 .text._strtol_r
                0x0000000080007b34      0x106 d:/hightectricore_entrytoolchain/toolchains/tricore/v4.9.3.0-infineon-1.0/bin/../lib/gcc/tricore/4.9.4/../../../../tricore/lib/tc161/short-double\libc.a(lib_a-strtol.o)
                0x0000000080007b34                _strtol_r
 .text.strtol   0x0000000080007c3a       0x12 d:/hightectricore_entrytoolchain/toolchains/tricore/v4.9.3.0-infineon-1.0/bin/../lib/gcc/tricore/4.9.4/../../../../tricore/lib/tc161/short-double\libc.a(lib_a-strtol.o)
                0x0000000080007c3a                strtol
 .text._vfprintf_r
                0x0000000080007c4c     0x126c d:/hightectricore_entrytoolchain/toolchains/tricore/v4.9.3.0-infineon-1.0/bin/../lib/gcc/tricore/4.9.4/../../../../tricore/lib/tc161/short-double\libc.a(lib_a-vfprintf.o)
                0x0000000080007c4c                _vfprintf_r
 .text.vfprintf
                0x0000000080008eb8       0x16 d:/hightectricore_entrytoolchain/toolchains/tricore/v4.9.3.0-infineon-1.0/bin/../lib/gcc/tricore/4.9.4/../../../../tricore/lib/tc161/short-double\libc.a(lib_a-vfprintf.o)
                0x0000000080008eb8                vfprintf
 .text._write_r
                0x0000000080008ece       0x20 d:/hightectricore_entrytoolchain/toolchains/tricore/v4.9.3.0-infineon-1.0/bin/../lib/gcc/tricore/4.9.4/../../../../tricore/lib/tc161/short-double\libc.a(lib_a-writer.o)
                0x0000000080008ece                _write_r
 .text.__swsetup_r
                0x0000000080008eee       0x92 d:/hightectricore_entrytoolchain/toolchains/tricore/v4.9.3.0-infineon-1.0/bin/../lib/gcc/tricore/4.9.4/../../../../tricore/lib/tc161/short-double\libc.a(lib_a-wsetup.o)
                0x0000000080008eee                __swsetup_r
 .text.__register_exitproc
                0x0000000080008f80       0x94 d:/hightectricore_entrytoolchain/toolchains/tricore/v4.9.3.0-infineon-1.0/bin/../lib/gcc/tricore/4.9.4/../../../../tricore/lib/tc161/short-double\libc.a(lib_a-__atexit.o)
                0x0000000080008f80                __register_exitproc
 .text._close_r
                0x0000000080009014       0x1e d:/hightectricore_entrytoolchain/toolchains/tricore/v4.9.3.0-infineon-1.0/bin/../lib/gcc/tricore/4.9.4/../../../../tricore/lib/tc161/short-double\libc.a(lib_a-closer.o)
                0x0000000080009014                _close_r
 .text.quorem   0x0000000080009032      0x11a d:/hightectricore_entrytoolchain/toolchains/tricore/v4.9.3.0-infineon-1.0/bin/../lib/gcc/tricore/4.9.4/../../../../tricore/lib/tc161/short-double\libc.a(lib_a-dtoa.o)
 .text._dtoa_r  0x000000008000914c      0xa38 d:/hightectricore_entrytoolchain/toolchains/tricore/v4.9.3.0-infineon-1.0/bin/../lib/gcc/tricore/4.9.4/../../../../tricore/lib/tc161/short-double\libc.a(lib_a-dtoa.o)
                0x000000008000914c                _dtoa_r
 .text.__env_lock
                0x0000000080009b84        0x2 d:/hightectricore_entrytoolchain/toolchains/tricore/v4.9.3.0-infineon-1.0/bin/../lib/gcc/tricore/4.9.4/../../../../tricore/lib/tc161/short-double\libc.a(lib_a-envlock.o)
                0x0000000080009b84                __env_lock
 .text.__env_unlock
                0x0000000080009b86        0x2 d:/hightectricore_entrytoolchain/toolchains/tricore/v4.9.3.0-infineon-1.0/bin/../lib/gcc/tricore/4.9.4/../../../../tricore/lib/tc161/short-double\libc.a(lib_a-envlock.o)
                0x0000000080009b86                __env_unlock
 .text.__sflags
                0x0000000080009b88       0x5e d:/hightectricore_entrytoolchain/toolchains/tricore/v4.9.3.0-infineon-1.0/bin/../lib/gcc/tricore/4.9.4/../../../../tricore/lib/tc161/short-double\libc.a(lib_a-flags.o)
                0x0000000080009b88                __sflags
 .text.__sfvwrite_r
                0x0000000080009be6      0x26c d:/hightectricore_entrytoolchain/toolchains/tricore/v4.9.3.0-infineon-1.0/bin/../lib/gcc/tricore/4.9.4/../../../../tricore/lib/tc161/short-double\libc.a(lib_a-fvwrite.o)
                0x0000000080009be6                __sfvwrite_r
 .text._isatty_r
                0x0000000080009e52       0x1e d:/hightectricore_entrytoolchain/toolchains/tricore/v4.9.3.0-infineon-1.0/bin/../lib/gcc/tricore/4.9.4/../../../../tricore/lib/tc161/short-double\libc.a(lib_a-isattyr.o)
                0x0000000080009e52                _isatty_r
 .text._localeconv_r
                0x0000000080009e70        0xa d:/hightectricore_entrytoolchain/toolchains/tricore/v4.9.3.0-infineon-1.0/bin/../lib/gcc/tricore/4.9.4/../../../../tricore/lib/tc161/short-double\libc.a(lib_a-locale.o)
                0x0000000080009e70                _localeconv_r
 .text._lseek_r
                0x0000000080009e7a       0x1e d:/hightectricore_entrytoolchain/toolchains/tricore/v4.9.3.0-infineon-1.0/bin/../lib/gcc/tricore/4.9.4/../../../../tricore/lib/tc161/short-double\libc.a(lib_a-lseekr.o)
                0x0000000080009e7a                _lseek_r
 .text.memchr   0x0000000080009e98       0x18 d:/hightectricore_entrytoolchain/toolchains/tricore/v4.9.3.0-infineon-1.0/bin/../lib/gcc/tricore/4.9.4/../../../../tricore/lib/tc161/short-double\libc.a(lib_a-memchr.o)
                0x0000000080009e98                memchr
 .text.memmove  0x0000000080009eb0       0x50 d:/hightectricore_entrytoolchain/toolchains/tricore/v4.9.3.0-infineon-1.0/bin/../lib/gcc/tricore/4.9.4/../../../../tricore/lib/tc161/short-double\libc.a(lib_a-memmove.o)
                0x0000000080009eb0                memmove
 .text._Balloc  0x0000000080009f00       0x56 d:/hightectricore_entrytoolchain/toolchains/tricore/v4.9.3.0-infineon-1.0/bin/../lib/gcc/tricore/4.9.4/../../../../tricore/lib/tc161/short-double\libc.a(lib_a-mprec.o)
                0x0000000080009f00                _Balloc
 .text._Bfree   0x0000000080009f56       0x12 d:/hightectricore_entrytoolchain/toolchains/tricore/v4.9.3.0-infineon-1.0/bin/../lib/gcc/tricore/4.9.4/../../../../tricore/lib/tc161/short-double\libc.a(lib_a-mprec.o)
                0x0000000080009f56                _Bfree
 .text.__multadd
                0x0000000080009f68       0x82 d:/hightectricore_entrytoolchain/toolchains/tricore/v4.9.3.0-infineon-1.0/bin/../lib/gcc/tricore/4.9.4/../../../../tricore/lib/tc161/short-double\libc.a(lib_a-mprec.o)
                0x0000000080009f68                __multadd
 .text.__hi0bits
                0x0000000080009fea       0x42 d:/hightectricore_entrytoolchain/toolchains/tricore/v4.9.3.0-infineon-1.0/bin/../lib/gcc/tricore/4.9.4/../../../../tricore/lib/tc161/short-double\libc.a(lib_a-mprec.o)
                0x0000000080009fea                __hi0bits
 .text.__lo0bits
                0x000000008000a02c       0x66 d:/hightectricore_entrytoolchain/toolchains/tricore/v4.9.3.0-infineon-1.0/bin/../lib/gcc/tricore/4.9.4/../../../../tricore/lib/tc161/short-double\libc.a(lib_a-mprec.o)
                0x000000008000a02c                __lo0bits
 .text.__i2b    0x000000008000a092       0x10 d:/hightectricore_entrytoolchain/toolchains/tricore/v4.9.3.0-infineon-1.0/bin/../lib/gcc/tricore/4.9.4/../../../../tricore/lib/tc161/short-double\libc.a(lib_a-mprec.o)
                0x000000008000a092                __i2b
 .text.__multiply
                0x000000008000a0a2      0x11a d:/hightectricore_entrytoolchain/toolchains/tricore/v4.9.3.0-infineon-1.0/bin/../lib/gcc/tricore/4.9.4/../../../../tricore/lib/tc161/short-double\libc.a(lib_a-mprec.o)
                0x000000008000a0a2                __multiply
 .text.__pow5mult
                0x000000008000a1bc       0x7c d:/hightectricore_entrytoolchain/toolchains/tricore/v4.9.3.0-infineon-1.0/bin/../lib/gcc/tricore/4.9.4/../../../../tricore/lib/tc161/short-double\libc.a(lib_a-mprec.o)
                0x000000008000a1bc                __pow5mult
 .text.__lshift
                0x000000008000a238       0xba d:/hightectricore_entrytoolchain/toolchains/tricore/v4.9.3.0-infineon-1.0/bin/../lib/gcc/tricore/4.9.4/../../../../tricore/lib/tc161/short-double\libc.a(lib_a-mprec.o)
                0x000000008000a238                __lshift
 .text.__mcmp   0x000000008000a2f2       0x42 d:/hightectricore_entrytoolchain/toolchains/tricore/v4.9.3.0-infineon-1.0/bin/../lib/gcc/tricore/4.9.4/../../../../tricore/lib/tc161/short-double\libc.a(lib_a-mprec.o)
                0x000000008000a2f2                __mcmp
 .text.__mdiff  0x000000008000a334       0xca d:/hightectricore_entrytoolchain/toolchains/tricore/v4.9.3.0-infineon-1.0/bin/../lib/gcc/tricore/4.9.4/../../../../tricore/lib/tc161/short-double\libc.a(lib_a-mprec.o)
                0x000000008000a334                __mdiff
 .text.__d2b    0x000000008000a3fe       0x56 d:/hightectricore_entrytoolchain/toolchains/tricore/v4.9.3.0-infineon-1.0/bin/../lib/gcc/tricore/4.9.4/../../../../tricore/lib/tc161/short-double\libc.a(lib_a-mprec.o)
                0x000000008000a3fe                __d2b
 .text._read_r  0x000000008000a454       0x20 d:/hightectricore_entrytoolchain/toolchains/tricore/v4.9.3.0-infineon-1.0/bin/../lib/gcc/tricore/4.9.4/../../../../tricore/lib/tc161/short-double\libc.a(lib_a-readr.o)
                0x000000008000a454                _read_r
 .text._realloc_r
                0x000000008000a474      0x3f0 d:/hightectricore_entrytoolchain/toolchains/tricore/v4.9.3.0-infineon-1.0/bin/../lib/gcc/tricore/4.9.4/../../../../tricore/lib/tc161/short-double\libc.a(lib_a-reallocr.o)
                0x000000008000a474                _realloc_r
 .text.__fpclassifyf
                0x000000008000a864       0x32 d:/hightectricore_entrytoolchain/toolchains/tricore/v4.9.3.0-infineon-1.0/bin/../lib/gcc/tricore/4.9.4/../../../../tricore/lib/tc161/short-double\libc.a(lib_a-sf_fpclassify.o)
                0x000000008000a864                __fpclassifyf
 .text.__sprint_r
                0x000000008000a896       0x1a d:/hightectricore_entrytoolchain/toolchains/tricore/v4.9.3.0-infineon-1.0/bin/../lib/gcc/tricore/4.9.4/../../../../tricore/lib/tc161/short-double\libc.a(lib_a-vfiprintf.o)
                0x000000008000a896                __sprint_r
 .text._calloc_r
                0x000000008000a8b0       0x62 d:/hightectricore_entrytoolchain/toolchains/tricore/v4.9.3.0-infineon-1.0/bin/../lib/gcc/tricore/4.9.4/../../../../tricore/lib/tc161/short-double\libc.a(lib_a-callocr.o)
                0x000000008000a8b0                _calloc_r
 .text.__errno  0x000000008000a912        0xa d:/hightectricore_entrytoolchain/toolchains/tricore/v4.9.3.0-infineon-1.0/bin/../lib/gcc/tricore/4.9.4/../../../../tricore/lib/tc161/short-double\libos.a(libos.o)
                0x000000008000a912                __errno
 .text.isatty   0x000000008000a91c        0x6 d:/hightectricore_entrytoolchain/toolchains/tricore/v4.9.3.0-infineon-1.0/bin/../lib/gcc/tricore/4.9.4/../../../../tricore/lib/tc161/short-double\libos.a(libos.o)
                0x000000008000a91c                isatty
 .text.fstat    0x000000008000a922       0x20 d:/hightectricore_entrytoolchain/toolchains/tricore/v4.9.3.0-infineon-1.0/bin/../lib/gcc/tricore/4.9.4/../../../../tricore/lib/tc161/short-double\libos.a(libos.o)
                0x000000008000a922                fstat
 .text.close    0x000000008000a942        0x8 d:/hightectricore_entrytoolchain/toolchains/tricore/v4.9.3.0-infineon-1.0/bin/../lib/gcc/tricore/4.9.4/../../../../tricore/lib/tc161/short-double\libos.a(vio_close.o)
                0x000000008000a942                close
 .text.lseek    0x000000008000a94a        0x8 d:/hightectricore_entrytoolchain/toolchains/tricore/v4.9.3.0-infineon-1.0/bin/../lib/gcc/tricore/4.9.4/../../../../tricore/lib/tc161/short-double\libos.a(vio_lseek.o)
                0x000000008000a94a                lseek
 .text.open     0x000000008000a952        0x8 d:/hightectricore_entrytoolchain/toolchains/tricore/v4.9.3.0-infineon-1.0/bin/../lib/gcc/tricore/4.9.4/../../../../tricore/lib/tc161/short-double\libos.a(vio_open.o)
                0x000000008000a952                open
 .text.read     0x000000008000a95a        0x8 d:/hightectricore_entrytoolchain/toolchains/tricore/v4.9.3.0-infineon-1.0/bin/../lib/gcc/tricore/4.9.4/../../../../tricore/lib/tc161/short-double\libos.a(vio_read.o)
                0x000000008000a95a                read
 .text.__virtio_dummy_hnd
                0x000000008000a962       0x10 d:/hightectricore_entrytoolchain/toolchains/tricore/v4.9.3.0-infineon-1.0/bin/../lib/gcc/tricore/4.9.4/../../../../tricore/lib/tc161/short-double\libos.a(vio_virtio.o)
                0x000000008000a962                __virtio_dummy_hnd
                0x000000008000a966                ___virtio
                0x000000008000a966                ___virtio_hnd
 .text.write    0x000000008000a972        0x8 d:/hightectricore_entrytoolchain/toolchains/tricore/v4.9.3.0-infineon-1.0/bin/../lib/gcc/tricore/4.9.4/../../../../tricore/lib/tc161/short-double\libos.a(vio_write.o)
                0x000000008000a972                write
 .text.unlock_wdtcon
                0x000000008000a97a       0x2c d:/hightectricore_entrytoolchain/toolchains/tricore/v4.9.3.0-infineon-1.0/bin/../lib/gcc/tricore/4.9.4/../../../../tricore/lib/tc161/short-double\libos.a(wdtcon.o)
                0x000000008000a97a                unlock_wdtcon
 .text.lock_wdtcon
                0x000000008000a9a6       0x2c d:/hightectricore_entrytoolchain/toolchains/tricore/v4.9.3.0-infineon-1.0/bin/../lib/gcc/tricore/4.9.4/../../../../tricore/lib/tc161/short-double\libos.a(wdtcon.o)
                0x000000008000a9a6                lock_wdtcon
 .text.unlock_safety_wdtcon
                0x000000008000a9d2       0x20 d:/hightectricore_entrytoolchain/toolchains/tricore/v4.9.3.0-infineon-1.0/bin/../lib/gcc/tricore/4.9.4/../../../../tricore/lib/tc161/short-double\libos.a(wdtcon.o)
                0x000000008000a9d2                unlock_safety_wdtcon
 .text.lock_safety_wdtcon
                0x000000008000a9f2       0x20 d:/hightectricore_entrytoolchain/toolchains/tricore/v4.9.3.0-infineon-1.0/bin/../lib/gcc/tricore/4.9.4/../../../../tricore/lib/tc161/short-double\libos.a(wdtcon.o)
                0x000000008000a9f2                lock_safety_wdtcon
 .text.abort    0x000000008000aa12       0x12 d:/hightectricore_entrytoolchain/toolchains/tricore/v4.9.3.0-infineon-1.0/bin/../lib/gcc/tricore/4.9.4/../../../../tricore/lib/tc161/short-double\libos.a(libos_abort.o)
                0x000000008000aa12                abort
 .text._exit    0x000000008000aa24       0x10 d:/hightectricore_entrytoolchain/toolchains/tricore/v4.9.3.0-infineon-1.0/bin/../lib/gcc/tricore/4.9.4/../../../../tricore/lib/tc161/short-double\libos.a(libos_exit.o)
                0x000000008000aa24                _exit
 .text.sbrk     0x000000008000aa34       0x3c d:/hightectricore_entrytoolchain/toolchains/tricore/v4.9.3.0-infineon-1.0/bin/../lib/gcc/tricore/4.9.4/../../../../tricore/lib/tc161/short-double\libos.a(libos_sbrk.o)
                0x000000008000aa34                sbrk
 .text.__truncdfsf2
                0x000000008000aa70       0x3c d:/hightectricore_entrytoolchain/toolchains/tricore/v4.9.3.0-infineon-1.0/bin/../lib/gcc/tricore/4.9.4/tc161/short-double\libgcc.a(_df_to_sf.o)
                0x000000008000aa70                __truncdfsf2
 .text.__umoddi3
                0x000000008000aaac       0x26 d:/hightectricore_entrytoolchain/toolchains/tricore/v4.9.3.0-infineon-1.0/bin/../lib/gcc/tricore/4.9.4/tc161/short-double\libgcc.a(umoddi3.o)
                0x000000008000aaac                __umoddi3
 .text.__make_fp
                0x000000008000aad2       0x16 d:/hightectricore_entrytoolchain/toolchains/tricore/v4.9.3.0-infineon-1.0/bin/../lib/gcc/tricore/4.9.4/tc161/short-double\libgcc.a(_make_sf.o)
                0x000000008000aad2                __make_fp
 .text.__unpack_d
                0x000000008000aae8       0xac d:/hightectricore_entrytoolchain/toolchains/tricore/v4.9.3.0-infineon-1.0/bin/../lib/gcc/tricore/4.9.4/tc161/short-double\libgcc.a(_unpack_df.o)
                0x000000008000aae8                __unpack_d
 .text.__pack_f
                0x000000008000ab94       0xc6 d:/hightectricore_entrytoolchain/toolchains/tricore/v4.9.3.0-infineon-1.0/bin/../lib/gcc/tricore/4.9.4/tc161/short-double\libgcc.a(_pack_sf.o)
                0x000000008000ab94                __pack_f

.ramcode        memory region -> pspr_cpu0
                0x0000000070100080        0x0 load address 0x000000008000ac5a
 *(.ramcode*)

.rodata         memory region -> int_flash0
                0x000000008000ac5c      0x86c
 *(.rodata*)
 .rodata.board_led
                0x000000008000ac5c       0x40 bsp/board/board_triboard_TC2X7_V1.0/board.o
                0x000000008000ac5c                board_led
 .rodata        0x000000008000ac9c       0x7d bsp/board/board_triboard_TC2X7_V1.0/board.o
 .rodata        0x000000008000ad19       0x67 bsp/board/bsp_board.o
 .rodata        0x000000008000ad80       0x63 bsp/isr/bsp_isr.o
 .rodata        0x000000008000ade3       0x69 bsp/isr/bsp_traps_tc2.o
 .rodata        0x000000008000ae4c       0x61 bsp/uc/bsp_uc.o
 .rodata        0x000000008000aead       0x63 src/shared_main.o
 .rodata        0x000000008000af10      0x205 d:/hightectricore_entrytoolchain/toolchains/tricore/v4.9.3.0-infineon-1.0/bin/../lib/gcc/tricore/4.9.4/tc161/short-double\libgcov.a(_gcov.o)
 *fill*         0x000000008000b115        0x3 00
 .rodata        0x000000008000b118        0x8 d:/hightectricore_entrytoolchain/toolchains/tricore/v4.9.3.0-infineon-1.0/bin/../lib/gcc/tricore/4.9.4/../../../../tricore/lib/tc161/short-double\libc.a(lib_a-impure.o)
                0x000000008000b118                _global_impure_ptr
 .rodata        0x000000008000b120       0x54 d:/hightectricore_entrytoolchain/toolchains/tricore/v4.9.3.0-infineon-1.0/bin/../lib/gcc/tricore/4.9.4/../../../../tricore/lib/tc161/short-double\libc.a(lib_a-vfprintf.o)
 .rodata        0x000000008000b174      0x281 d:/hightectricore_entrytoolchain/toolchains/tricore/v4.9.3.0-infineon-1.0/bin/../lib/gcc/tricore/4.9.4/../../../../tricore/lib/tc161/short-double\libc.a(lib_a-ctype_.o)
                0x000000008000b174                _ctype_
 .rodata        0x000000008000b3f5        0xf d:/hightectricore_entrytoolchain/toolchains/tricore/v4.9.3.0-infineon-1.0/bin/../lib/gcc/tricore/4.9.4/../../../../tricore/lib/tc161/short-double\libc.a(lib_a-dtoa.o)
 .rodata        0x000000008000b404       0x44 d:/hightectricore_entrytoolchain/toolchains/tricore/v4.9.3.0-infineon-1.0/bin/../lib/gcc/tricore/4.9.4/../../../../tricore/lib/tc161/short-double\libc.a(lib_a-locale.o)
 .rodata        0x000000008000b448       0x80 d:/hightectricore_entrytoolchain/toolchains/tricore/v4.9.3.0-infineon-1.0/bin/../lib/gcc/tricore/4.9.4/../../../../tricore/lib/tc161/short-double\libc.a(lib_a-mprec.o)
                0x000000008000b454                __mprec_tinytens
                0x000000008000b45c                __mprec_bigtens
                0x000000008000b464                __mprec_tens

.ctors          memory region -> int_flash0
                0x000000008000b4c8       0x20
                0x000000008000b4c8                __CTOR_LIST__ = .
                0x000000008000b4c8        0x4 LONG 0x6 (((__CTOR_END__ - __CTOR_LIST__) / 0x4) - 0x2)
 *(.ctors)
 .ctors         0x000000008000b4cc        0x4 bsp/board/board_triboard_TC2X7_V1.0/board.o
 .ctors         0x000000008000b4d0        0x4 bsp/board/bsp_board.o
 .ctors         0x000000008000b4d4        0x4 bsp/isr/bsp_isr.o
 .ctors         0x000000008000b4d8        0x4 bsp/isr/bsp_traps_tc2.o
 .ctors         0x000000008000b4dc        0x4 bsp/uc/bsp_uc.o
 .ctors         0x000000008000b4e0        0x4 src/shared_main.o
                0x000000008000b4e4        0x4 LONG 0x0
                0x000000008000b4e8                __CTOR_END__ = .

.sdata2         memory region -> int_flash0
                0x000000008000b4e8        0x0
 *(.sdata2*)

.sdata          memory region -> dspr_cpu0
                0x0000000070005000        0x0 load address 0x000000008000b4e8
 *(.sdata*)

.sbss           memory region -> dspr_cpu0
                0x0000000070005000        0x0 load address 0x000000008000b4e8
 *(.sbss*)

.data           memory region -> dspr_cpu0
                0x0000000070005000      0xf50 load address 0x000000008000b4e8
 *(.data*)
 .data.__gcov_.bsp_board_wdg_Disable
                0x0000000070005000       0x18 bsp/board/board_triboard_TC2X7_V1.0/board.o
 .data..LPBX0   0x0000000070005018       0x3c bsp/board/board_triboard_TC2X7_V1.0/board.o
 .data..LPBX1   0x0000000070005054        0x4 bsp/board/board_triboard_TC2X7_V1.0/board.o
 .data.__gcov_.bsp_board_led_Set
                0x0000000070005058       0x18 bsp/board/bsp_board.o
 .data..LPBX0   0x0000000070005070       0x3c bsp/board/bsp_board.o
 .data.__gcov_.bsp_board_led_Init
                0x00000000700050ac       0x18 bsp/board/bsp_board.o
 .data.__gcov_.bsp_board_led_InitAll
                0x00000000700050c4       0x18 bsp/board/bsp_board.o
 .data..LPBX1   0x00000000700050dc        0xc bsp/board/bsp_board.o
 .data.__gcov_.bsp_isr_RegisterHandler
                0x00000000700050e8       0x18 bsp/isr/bsp_isr.o
 .data..LPBX0   0x0000000070005100       0x3c bsp/isr/bsp_isr.o
 .data.__gcov_.bsp_isr_Init
                0x000000007000513c       0x18 bsp/isr/bsp_isr.o
 .data.__gcov_.isr_undef_handler
                0x0000000070005154       0x18 bsp/isr/bsp_isr.o
 .data..LPBX1   0x000000007000516c        0xc bsp/isr/bsp_isr.o
 .data.__gcov_.Trap_7_Handler
                0x0000000070005178       0x18 bsp/isr/bsp_traps_tc2.o
 .data..LPBX0   0x0000000070005190       0x3c bsp/isr/bsp_traps_tc2.o
 .data.__gcov_.Trap_6_Handler
                0x00000000700051cc       0x18 bsp/isr/bsp_traps_tc2.o
 .data.__gcov_.Trap_5_Handler
                0x00000000700051e4       0x18 bsp/isr/bsp_traps_tc2.o
 .data.__gcov_.Trap_4_Handler
                0x00000000700051fc       0x18 bsp/isr/bsp_traps_tc2.o
 .data.__gcov_.Trap_3_Handler
                0x0000000070005214       0x18 bsp/isr/bsp_traps_tc2.o
 .data.__gcov_.Trap_2_Handler
                0x000000007000522c       0x18 bsp/isr/bsp_traps_tc2.o
 .data.__gcov_.Trap_1_Handler
                0x0000000070005244       0x18 bsp/isr/bsp_traps_tc2.o
 .data.__gcov_.Trap_0_Handler
                0x000000007000525c       0x18 bsp/isr/bsp_traps_tc2.o
 .data..LPBX1   0x0000000070005274       0x20 bsp/isr/bsp_traps_tc2.o
 .data.__gcov_.bsp_uc_intc_InitBIV
                0x0000000070005294       0x18 bsp/uc/bsp_uc.o
 .data..LPBX0   0x00000000700052ac       0x3c bsp/uc/bsp_uc.o
 .data.__gcov_.bsp_uc_InitClock
                0x00000000700052e8       0x18 bsp/uc/bsp_uc.o
 .data.__gcov_.bsp_uc_intc_EnableExternalInterrupts
                0x0000000070005300       0x18 bsp/uc/bsp_uc.o
 .data.__gcov_.bsp_uc_intc_stm_SetSRC
                0x0000000070005318       0x18 bsp/uc/bsp_uc.o
 .data.__gcov_.bsp_uc_intc_SetBIV
                0x0000000070005330       0x18 bsp/uc/bsp_uc.o
 .data.__gcov_.bsp_uc_stm_Wait
                0x0000000070005348       0x18 bsp/uc/bsp_uc.o
 .data.__gcov_.bsp_uc_stm_GetChannelCurrentValue
                0x0000000070005360       0x18 bsp/uc/bsp_uc.o
 .data.__gcov_.bsp_uc_stm_IsChannelIsrFlag
                0x0000000070005378       0x18 bsp/uc/bsp_uc.o
 .data.__gcov_.bsp_uc_stm_ClearChannelIsrFlag
                0x0000000070005390       0x18 bsp/uc/bsp_uc.o
 .data.__gcov_.bsp_uc_stm_EnableChannelIsr
                0x00000000700053a8       0x18 bsp/uc/bsp_uc.o
 .data.__gcov_.bsp_uc_stm_ReloadChannel
                0x00000000700053c0       0x18 bsp/uc/bsp_uc.o
 .data.__gcov_.bsp_uc_core_GetCurrentInterruptPriority
                0x00000000700053d8       0x18 bsp/uc/bsp_uc.o
 .data.__gcov_.bsp_uc_core_GetCurrentCore
                0x00000000700053f0       0x18 bsp/uc/bsp_uc.o
 .data.__gcov_.bsp_uc_core_EnableDCache
                0x0000000070005408       0x18 bsp/uc/bsp_uc.o
 .data.__gcov_.bsp_uc_core_EnableICache
                0x0000000070005420       0x18 bsp/uc/bsp_uc.o
 .data.__gcov_.bsp_uc_dflash_SetWs
                0x0000000070005438       0x18 bsp/uc/bsp_uc.o
 .data.__gcov_.bsp_uc_pflash_SetWs
                0x0000000070005450       0x18 bsp/uc/bsp_uc.o
 .data.__gcov_.bsp_uc_port_GetGPIO
                0x0000000070005468       0x18 bsp/uc/bsp_uc.o
 .data.__gcov_.bsp_uc_port_SetGPIO
                0x0000000070005480       0x18 bsp/uc/bsp_uc.o
 .data.__gcov_.bsp_uc_port_EnableOutput
                0x0000000070005498       0x18 bsp/uc/bsp_uc.o
 .data.__gcov_.bsp_uc_port_EnableInput
                0x00000000700054b0       0x18 bsp/uc/bsp_uc.o
 .data.__gcov_.bsp_uc_core_StartAllCores
                0x00000000700054c8       0x18 bsp/uc/bsp_uc.o
 .data.__gcov_.bsp_uc_core_StartCore
                0x00000000700054e0       0x18 bsp/uc/bsp_uc.o
 .data.__gcov_.bsp_uc_ccu_SelectExtClk1
                0x00000000700054f8       0x18 bsp/uc/bsp_uc.o
 .data.__gcov_.bsp_uc_ccu_SelectExtClk0
                0x0000000070005510       0x18 bsp/uc/bsp_uc.o
 .data.__gcov_.bsp_uc_scu_SetCcuCon
                0x0000000070005528       0x18 bsp/uc/bsp_uc.o
 .data.__gcov_.bsp_uc_scu_SwitchSystemClock
                0x0000000070005540       0x18 bsp/uc/bsp_uc.o
 .data.__gcov_.bsp_uc_scu_EnablePLLEray
                0x0000000070005558       0x18 bsp/uc/bsp_uc.o
 .data.__gcov_.bsp_uc_scu_EnablePLL
                0x0000000070005570       0x18 bsp/uc/bsp_uc.o
 .data.__gcov_.bsp_uc_scu_EnableXOSC
                0x0000000070005588       0x18 bsp/uc/bsp_uc.o
 .data.__gcov_.bsp_uc_scu_wdt_DisableCpuWatchdog
                0x00000000700055a0       0x18 bsp/uc/bsp_uc.o
 .data.__gcov_.bsp_uc_scu_wdt_DisableSafetyWatchdog
                0x00000000700055b8       0x18 bsp/uc/bsp_uc.o
 .data..LPBX1   0x00000000700055d0       0x80 bsp/uc/bsp_uc.o
 .data.__gcov_.Crt0PostInit
                0x0000000070005650       0x18 src/shared_main.o
 .data..LPBX0   0x0000000070005668       0x3c src/shared_main.o
 .data.__gcov_.Crt0PreInit
                0x00000000700056a4       0x18 src/shared_main.o
 .data.__gcov_.shared_main
                0x00000000700056bc       0x18 src/shared_main.o
 .data.__gcov_.TimerMulticoreIsrHandler
                0x00000000700056d4       0x18 src/shared_main.o
 .data..LPBX1   0x00000000700056ec       0x10 src/shared_main.o
 *fill*         0x00000000700056fc        0x4 00
 .data          0x0000000070005700      0x428 d:/hightectricore_entrytoolchain/toolchains/tricore/v4.9.3.0-infineon-1.0/bin/../lib/gcc/tricore/4.9.4/../../../../tricore/lib/tc161/short-double\libc.a(lib_a-impure.o)
                0x0000000070005700                _impure_ptr
 .data          0x0000000070005b28      0x410 d:/hightectricore_entrytoolchain/toolchains/tricore/v4.9.3.0-infineon-1.0/bin/../lib/gcc/tricore/4.9.4/../../../../tricore/lib/tc161/short-double\libc.a(lib_a-mallocr.o)
                0x0000000070005b28                __malloc_sbrk_base
                0x0000000070005b2c                __malloc_trim_threshold
                0x0000000070005b30                __malloc_av_
 .data          0x0000000070005f38        0x8 d:/hightectricore_entrytoolchain/toolchains/tricore/v4.9.3.0-infineon-1.0/bin/../lib/gcc/tricore/4.9.4/../../../../tricore/lib/tc161/short-double\libc.a(lib_a-ctype_.o)
                0x0000000070005f38                __ctype_ptr__
 .data          0x0000000070005f40        0x8 d:/hightectricore_entrytoolchain/toolchains/tricore/v4.9.3.0-infineon-1.0/bin/../lib/gcc/tricore/4.9.4/../../../../tricore/lib/tc161/short-double\libc.a(lib_a-environ.o)
                0x0000000070005f40                environ
 .data          0x0000000070005f48        0x8 d:/hightectricore_entrytoolchain/toolchains/tricore/v4.9.3.0-infineon-1.0/bin/../lib/gcc/tricore/4.9.4/../../../../tricore/lib/tc161/short-double\libos.a(libos_sbrk.o)

.bss            memory region -> dspr_cpu0
                0x0000000070005f50     0x17e8 load address 0x000000008000c438
 *(.bss*)
 .bss.__gcov0.bsp_board_wdg_Disable
                0x0000000070005f50        0x8 bsp/board/board_triboard_TC2X7_V1.0/board.o
 .bss.__gcov0.bsp_board_led_Set
                0x0000000070005f58       0x10 bsp/board/bsp_board.o
 .bss.__gcov0.bsp_board_led_Init
                0x0000000070005f68       0x18 bsp/board/bsp_board.o
 .bss.__gcov0.bsp_board_led_InitAll
                0x0000000070005f80       0x18 bsp/board/bsp_board.o
 .bss.__gcov0.bsp_isr_RegisterHandler
                0x0000000070005f98       0x28 bsp/isr/bsp_isr.o
 .bss.__gcov0.bsp_isr_Init
                0x0000000070005fc0       0x40 bsp/isr/bsp_isr.o
 .bss.__gcov0.isr_undef_handler
                0x0000000070006000       0x10 bsp/isr/bsp_isr.o
 .bss.__gcov0.Trap_7_Handler
                0x0000000070006010       0x18 bsp/isr/bsp_traps_tc2.o
 .bss.__gcov0.Trap_6_Handler
                0x0000000070006028       0x10 bsp/isr/bsp_traps_tc2.o
 .bss.__gcov0.Trap_5_Handler
                0x0000000070006038       0x10 bsp/isr/bsp_traps_tc2.o
 .bss.__gcov0.Trap_4_Handler
                0x0000000070006048       0x28 bsp/isr/bsp_traps_tc2.o
 .bss.__gcov0.Trap_3_Handler
                0x0000000070006070       0x48 bsp/isr/bsp_traps_tc2.o
 .bss.__gcov0.Trap_2_Handler
                0x00000000700060b8       0x38 bsp/isr/bsp_traps_tc2.o
 .bss.__gcov0.Trap_1_Handler
                0x00000000700060f0       0x48 bsp/isr/bsp_traps_tc2.o
 .bss.__gcov0.Trap_0_Handler
                0x0000000070006138       0x20 bsp/isr/bsp_traps_tc2.o
 .bss.__gcov0.bsp_uc_intc_InitBIV
                0x0000000070006158       0x30 bsp/uc/bsp_uc.o
 .bss.__gcov0.bsp_uc_InitClock
                0x0000000070006188       0x40 bsp/uc/bsp_uc.o
 .bss.__gcov0.bsp_uc_intc_EnableExternalInterrupts
                0x00000000700061c8       0x10 bsp/uc/bsp_uc.o
 .bss.__gcov0.bsp_uc_intc_stm_SetSRC
                0x00000000700061d8        0x8 bsp/uc/bsp_uc.o
 .bss.__gcov0.bsp_uc_intc_SetBIV
                0x00000000700061e0       0x28 bsp/uc/bsp_uc.o
 .bss.__gcov0.bsp_uc_stm_Wait
                0x0000000070006208       0x28 bsp/uc/bsp_uc.o
 .bss.__gcov0.bsp_uc_stm_GetChannelCurrentValue
                0x0000000070006230        0x8 bsp/uc/bsp_uc.o
 .bss.__gcov0.bsp_uc_stm_IsChannelIsrFlag
                0x0000000070006238        0x8 bsp/uc/bsp_uc.o
 .bss.__gcov0.bsp_uc_stm_ClearChannelIsrFlag
                0x0000000070006240        0x8 bsp/uc/bsp_uc.o
 .bss.__gcov0.bsp_uc_stm_EnableChannelIsr
                0x0000000070006248        0x8 bsp/uc/bsp_uc.o
 .bss.__gcov0.bsp_uc_stm_ReloadChannel
                0x0000000070006250        0x8 bsp/uc/bsp_uc.o
 .bss.__gcov0.bsp_uc_core_GetCurrentInterruptPriority
                0x0000000070006258       0x10 bsp/uc/bsp_uc.o
 .bss.__gcov0.bsp_uc_core_GetCurrentCore
                0x0000000070006268       0x10 bsp/uc/bsp_uc.o
 .bss.__gcov0.bsp_uc_core_EnableDCache
                0x0000000070006278       0x28 bsp/uc/bsp_uc.o
 .bss.__gcov0.bsp_uc_core_EnableICache
                0x00000000700062a0       0x30 bsp/uc/bsp_uc.o
 .bss.__gcov0.bsp_uc_dflash_SetWs
                0x00000000700062d0       0x18 bsp/uc/bsp_uc.o
 .bss.__gcov0.bsp_uc_pflash_SetWs
                0x00000000700062e8       0x18 bsp/uc/bsp_uc.o
 .bss.__gcov0.bsp_uc_port_GetGPIO
                0x0000000070006300        0x8 bsp/uc/bsp_uc.o
 .bss.__gcov0.bsp_uc_port_SetGPIO
                0x0000000070006308        0x8 bsp/uc/bsp_uc.o
 .bss.__gcov0.bsp_uc_port_EnableOutput
                0x0000000070006310       0x38 bsp/uc/bsp_uc.o
 .bss.__gcov0.bsp_uc_port_EnableInput
                0x0000000070006348       0x18 bsp/uc/bsp_uc.o
 .bss.__gcov0.bsp_uc_core_StartAllCores
                0x0000000070006360       0x18 bsp/uc/bsp_uc.o
 .bss.__gcov0.bsp_uc_core_StartCore
                0x0000000070006378       0x28 bsp/uc/bsp_uc.o
 .bss.__gcov0.bsp_uc_ccu_SelectExtClk1
                0x00000000700063a0       0x18 bsp/uc/bsp_uc.o
 .bss.__gcov0.bsp_uc_ccu_SelectExtClk0
                0x00000000700063b8       0x18 bsp/uc/bsp_uc.o
 .bss.__gcov0.bsp_uc_scu_SetCcuCon
                0x00000000700063d0       0x28 bsp/uc/bsp_uc.o
 .bss.__gcov0.bsp_uc_scu_SwitchSystemClock
                0x00000000700063f8       0xe8 bsp/uc/bsp_uc.o
 .bss.__gcov0.bsp_uc_scu_EnablePLLEray
                0x00000000700064e0       0x30 bsp/uc/bsp_uc.o
 .bss.__gcov0.bsp_uc_scu_EnablePLL
                0x0000000070006510       0x40 bsp/uc/bsp_uc.o
 .bss.__gcov0.bsp_uc_scu_EnableXOSC
                0x0000000070006550       0x48 bsp/uc/bsp_uc.o
 .bss.__gcov0.bsp_uc_scu_wdt_DisableCpuWatchdog
                0x0000000070006598       0x20 bsp/uc/bsp_uc.o
 .bss.__gcov0.bsp_uc_scu_wdt_DisableSafetyWatchdog
                0x00000000700065b8       0x18 bsp/uc/bsp_uc.o
 .bss.__gcov0.Crt0PostInit
                0x00000000700065d0       0x40 src/shared_main.o
 .bss.__gcov0.Crt0PreInit
                0x0000000070006610       0x30 src/shared_main.o
 .bss.__gcov0.shared_main
                0x0000000070006640       0x40 src/shared_main.o
 .bss.__gcov0.TimerMulticoreIsrHandler
                0x0000000070006680       0x28 src/shared_main.o
 .bss           0x00000000700066a8     0x1040 d:/hightectricore_entrytoolchain/toolchains/tricore/v4.9.3.0-infineon-1.0/bin/../lib/gcc/tricore/4.9.4/tc161/short-double\libgcov.a(_gcov.o)
                0x00000000700066c4                __gcov_var
 .bss           0x00000000700076e8       0x38 d:/hightectricore_entrytoolchain/toolchains/tricore/v4.9.3.0-infineon-1.0/bin/../lib/gcc/tricore/4.9.4/../../../../tricore/lib/tc161/short-double\libc.a(lib_a-mallocr.o)
                0x00000000700076e8                __malloc_current_mallinfo
                0x0000000070007710                __malloc_max_total_mem
                0x0000000070007714                __malloc_max_sbrked_mem
                0x0000000070007718                __malloc_top_pad
 .bss           0x0000000070007720        0x8 d:/hightectricore_entrytoolchain/toolchains/tricore/v4.9.3.0-infineon-1.0/bin/../lib/gcc/tricore/4.9.4/../../../../tricore/lib/tc161/short-double\libc.a(lib_a-reent.o)
                0x0000000070007720                errno
 .bss           0x0000000070007728        0x8 d:/hightectricore_entrytoolchain/toolchains/tricore/v4.9.3.0-infineon-1.0/bin/../lib/gcc/tricore/4.9.4/../../../../tricore/lib/tc161/short-double\libc.a(lib_a-environ.o)
 .bss           0x0000000070007730        0x8 d:/hightectricore_entrytoolchain/toolchains/tricore/v4.9.3.0-infineon-1.0/bin/../lib/gcc/tricore/4.9.4/../../../../tricore/lib/tc161/short-double\libos.a(libos.o)
                0x0000000070007730                _my_errno
 *(COMMON)

.heap           memory region -> dspr_cpu0
                0x0000000070007738     0x1000 load address 0x000000008000c438
                0x0000000070008738                . = (. + __HEAP_SIZE)
 *fill*         0x0000000070007738     0x1000 00

.CPU0.clear_sec memory region -> int_flash0
                0x000000008000c438       0x28
                0x000000008000c438        0x4 LONG 0x70005000 ADDR (.CPU0.bss)
                0x000000008000c43c        0x4 LONG 0x0 SIZEOF (.CPU0.bss)
                0x000000008000c440        0x4 LONG 0x70005000 ADDR (.sbss)
                0x000000008000c444        0x4 LONG 0x0 SIZEOF (.sbss)
                0x000000008000c448        0x4 LONG 0x70005f50 ADDR (.bss)
                0x000000008000c44c        0x4 LONG 0x17e8 SIZEOF (.bss)
                0x000000008000c450        0x4 LONG 0x70007738 ADDR (.heap)
                0x000000008000c454        0x4 LONG 0x1000 SIZEOF (.heap)
                0x000000008000c458        0x4 LONG 0xffffffffffffffff
                0x000000008000c45c        0x4 LONG 0xffffffffffffffff

.CPU0.copy_sec  memory region -> int_flash0
                0x000000008000c460       0x48
                0x000000008000c460        0x4 LONG 0x80002800 LOADADDR (.CPU0.ramcode)
                0x000000008000c464        0x4 LONG 0x70100080 ADDR (.CPU0.ramcode)
                0x000000008000c468        0x4 LONG 0x0 SIZEOF (.CPU0.ramcode)
                0x000000008000c46c        0x4 LONG 0x80002800 LOADADDR (.CPU0.data)
                0x000000008000c470        0x4 LONG 0x70005000 ADDR (.CPU0.data)
                0x000000008000c474        0x4 LONG 0x0 SIZEOF (.CPU0.data)
                0x000000008000c478        0x4 LONG 0x8000ac5a LOADADDR (.ramcode)
                0x000000008000c47c        0x4 LONG 0x70100080 ADDR (.ramcode)
                0x000000008000c480        0x4 LONG 0x0 SIZEOF (.ramcode)
                0x000000008000c484        0x4 LONG 0x8000b4e8 LOADADDR (.sdata)
                0x000000008000c488        0x4 LONG 0x70005000 ADDR (.sdata)
                0x000000008000c48c        0x4 LONG 0x0 SIZEOF (.sdata)
                0x000000008000c490        0x4 LONG 0x8000b4e8 LOADADDR (.data)
                0x000000008000c494        0x4 LONG 0x70005000 ADDR (.data)
                0x000000008000c498        0x4 LONG 0xf50 SIZEOF (.data)
                0x000000008000c49c        0x4 LONG 0xffffffffffffffff
                0x000000008000c4a0        0x4 LONG 0xffffffffffffffff
                0x000000008000c4a4        0x4 LONG 0xffffffffffffffff

.CPU1.clear_sec memory region -> int_flash0
                0x000000008000c4a8       0x10
                0x000000008000c4a8        0x4 LONG 0x60005000 ADDR (.CPU1.bss)
                0x000000008000c4ac        0x4 LONG 0x0 SIZEOF (.CPU1.bss)
                0x000000008000c4b0        0x4 LONG 0xffffffffffffffff
                0x000000008000c4b4        0x4 LONG 0xffffffffffffffff

.CPU1.copy_sec  memory region -> int_flash0
                0x000000008000c4b8       0x24
                0x000000008000c4b8        0x4 LONG 0x80002800 LOADADDR (.CPU1.ramcode)
                0x000000008000c4bc        0x4 LONG 0x60100080 (0x0 + ADDR (.CPU1.ramcode))
                0x000000008000c4c0        0x4 LONG 0x0 SIZEOF (.CPU1.ramcode)
                0x000000008000c4c4        0x4 LONG 0x80002800 LOADADDR (.CPU1.data)
                0x000000008000c4c8        0x4 LONG 0x60005000 ADDR (.CPU1.data)
                0x000000008000c4cc        0x4 LONG 0x0 SIZEOF (.CPU1.data)
                0x000000008000c4d0        0x4 LONG 0xffffffffffffffff
                0x000000008000c4d4        0x4 LONG 0xffffffffffffffff
                0x000000008000c4d8        0x4 LONG 0xffffffffffffffff

.CPU2.clear_sec memory region -> int_flash0
                0x000000008000c4dc       0x10
                0x000000008000c4dc        0x4 LONG 0x50005000 ADDR (.CPU2.bss)
                0x000000008000c4e0        0x4 LONG 0x0 SIZEOF (.CPU2.bss)
                0x000000008000c4e4        0x4 LONG 0xffffffffffffffff
                0x000000008000c4e8        0x4 LONG 0xffffffffffffffff

.CPU2.copy_sec  memory region -> int_flash0
                0x000000008000c4ec       0x24
                0x000000008000c4ec        0x4 LONG 0x80002800 LOADADDR (.CPU2.ramcode)
                0x000000008000c4f0        0x4 LONG 0x50100080 (0x0 + ADDR (.CPU2.ramcode))
                0x000000008000c4f4        0x4 LONG 0x0 SIZEOF (.CPU2.ramcode)
                0x000000008000c4f8        0x4 LONG 0x80002800 LOADADDR (.CPU2.data)
                0x000000008000c4fc        0x4 LONG 0x50005000 (0x0 + ADDR (.CPU2.data))
                0x000000008000c500        0x4 LONG 0x0 SIZEOF (.CPU2.data)
                0x000000008000c504        0x4 LONG 0xffffffffffffffff
                0x000000008000c508        0x4 LONG 0xffffffffffffffff
                0x000000008000c50c        0x4 LONG 0xffffffffffffffff
                0x00000000800134e8                _SMALL_DATA2_ = (ADDR (.sdata2) + 0x8000)
                0x000000007000d000                _SMALL_DATA_ = (ADDR (.sdata) + 0x8000)
                0x0000000070007738                __HEAP = ADDR (.heap)
                0x0000000000001000                __HEAP_END = SIZEOF (.heap)

.crt0_config    memory region -> int_flash0
                0x000000008000c510       0x84
                0x000000008000c510                PROVIDE (__crt0_config, .)
                0x000000008000c510        0x4 LONG 0x70004000 ADDR (.CPU0.stack)
                0x000000008000c514        0x4 LONG 0x1000 SIZEOF (.CPU0.stack)
                0x000000008000c518        0x4 LONG 0x70000000 ADDR (.CPU0.csa)
                0x000000008000c51c        0x4 LONG 0x4000 SIZEOF (.CPU0.csa)
                0x000000008000c520        0x4 LONG 0x7000d000 _SMALL_DATA_
                0x000000008000c524        0x4 LONG 0x800134e8 _SMALL_DATA2_
                0x000000008000c528        0x4 LONG 0x0
                0x000000008000c52c        0x4 LONG 0x0
                0x000000008000c530        0x4 LONG 0x8000c438 ADDR (.CPU0.clear_sec)
                0x000000008000c534        0x4 LONG 0x8000c460 ADDR (.CPU0.copy_sec)
                0x000000008000c538        0x4 LONG 0x8000b4c8 __CTOR_LIST__
                0x000000008000c53c        0x4 LONG 0x60004000 ADDR (.CPU1.stack)
                0x000000008000c540        0x4 LONG 0x1000 SIZEOF (.CPU1.stack)
                0x000000008000c544        0x4 LONG 0x60000000 ADDR (.CPU1.csa)
                0x000000008000c548        0x4 LONG 0x4000 SIZEOF (.CPU1.csa)
                0x000000008000c54c        0x4 LONG 0x7000d000 _SMALL_DATA_
                0x000000008000c550        0x4 LONG 0x800134e8 _SMALL_DATA2_
                0x000000008000c554        0x4 LONG 0x0
                0x000000008000c558        0x4 LONG 0x0
                0x000000008000c55c        0x4 LONG 0x8000c4a8 ADDR (.CPU1.clear_sec)
                0x000000008000c560        0x4 LONG 0x8000c4b8 ADDR (.CPU1.copy_sec)
                0x000000008000c564        0x4 LONG 0x0
                0x000000008000c568        0x4 LONG 0x50004000 ADDR (.CPU2.stack)
                0x000000008000c56c        0x4 LONG 0x1000 SIZEOF (.CPU2.stack)
                0x000000008000c570        0x4 LONG 0x50000000 ADDR (.CPU2.csa)
                0x000000008000c574        0x4 LONG 0x4000 SIZEOF (.CPU2.csa)
                0x000000008000c578        0x4 LONG 0x7000d000 _SMALL_DATA_
                0x000000008000c57c        0x4 LONG 0x800134e8 _SMALL_DATA2_
                0x000000008000c580        0x4 LONG 0x0
                0x000000008000c584        0x4 LONG 0x0
                0x000000008000c588        0x4 LONG 0x8000c4dc ADDR (.CPU2.clear_sec)
                0x000000008000c58c        0x4 LONG 0x8000c4ec ADDR (.CPU2.copy_sec)
                0x000000008000c590        0x4 LONG 0x0

.comment        memory region -> *default*
                0x0000000000000000       0x53
 *(.comment)
 .comment       0x0000000000000000       0x53 bsp/board/board_appkit_TC2X4_V1.0/board.o
                                         0x54 (size before relaxing)
 .comment       0x0000000000000000       0x54 bsp/board/board_appkit_TC2X5_V1.0/board.o
 .comment       0x0000000000000000       0x54 bsp/board/board_appkit_TC2X5_V2.0/board.o
 .comment       0x0000000000000000       0x54 bsp/board/board_appkit_TC2X7_V1.X/board.o
 .comment       0x0000000000000000       0x54 bsp/board/board_triboard_TC2X2_V1.0/board.o
 .comment       0x0000000000000000       0x54 bsp/board/board_triboard_TC2X3_V1.0/board.o
 .comment       0x0000000000000000       0x54 bsp/board/board_triboard_TC2X3_V1.1/board.o
 .comment       0x0000000000000000       0x54 bsp/board/board_triboard_TC2X4_TH_V1.0/board.o
 .comment       0x0000000000000000       0x54 bsp/board/board_triboard_TC2X4_V1.0/board.o
 .comment       0x0000000000000000       0x54 bsp/board/board_triboard_TC2X4_V2.0/board.o
 .comment       0x0000000000000000       0x54 bsp/board/board_triboard_TC2X5_V1.0/board.o
 .comment       0x0000000000000000       0x54 bsp/board/board_triboard_TC2X5_V2.0/board.o
 .comment       0x0000000000000000       0x54 bsp/board/board_triboard_TC2X7_V1.0/board.o
 .comment       0x0000000000000000       0x54 bsp/board/board_triboard_TC2X8_V1.1/board.o
 .comment       0x0000000000000000       0x54 bsp/board/board_triboard_TC2X9_V1.1/board.o
 .comment       0x0000000000000000       0x54 bsp/board/board_triboard_TC2X9_V2.0/board.o
 .comment       0x0000000000000000       0x54 bsp/board/board_triboard_TC2X9_V2.1/board.o
 .comment       0x0000000000000000       0x54 bsp/board/bsp_board.o
 .comment       0x0000000000000000       0x54 bsp/isr/bsp_isr.o
 .comment       0x0000000000000000       0x54 bsp/isr/bsp_isr_vector_table.o
 .comment       0x0000000000000000       0x54 bsp/isr/bsp_traps_tc2.o
 .comment       0x0000000000000000       0x54 bsp/uc/bsp_uc.o
 .comment       0x0000000000000000       0x54 bsp/uc/uc_tc27/uc_tc27.o
 .comment       0x0000000000000000       0x54 src/shared_main.o
 .comment       0x0000000000000000       0x54 d:/hightectricore_entrytoolchain/toolchains/tricore/v4.9.3.0-infineon-1.0/bin/../lib/gcc/tricore/4.9.4/tc161/short-double\libgcov.a(_gcov_merge_add.o)
 .comment       0x0000000000000000       0x54 d:/hightectricore_entrytoolchain/toolchains/tricore/v4.9.3.0-infineon-1.0/bin/../lib/gcc/tricore/4.9.4/tc161/short-double\libgcov.a(_gcov.o)
 .comment       0x0000000000000000       0x54 d:/hightectricore_entrytoolchain/toolchains/tricore/v4.9.3.0-infineon-1.0/bin/../lib/gcc/tricore/4.9.4/tc161/short-double\libgcc.a(_popcountsi2.o)
 .comment       0x0000000000000000       0x54 d:/hightectricore_entrytoolchain/toolchains/tricore/v4.9.3.0-infineon-1.0/bin/../lib/gcc/tricore/4.9.4/tc161/short-double\libgcc.a(divdi3.o)
 .comment       0x0000000000000000       0x54 d:/hightectricore_entrytoolchain/toolchains/tricore/v4.9.3.0-infineon-1.0/bin/../lib/gcc/tricore/4.9.4/tc161/short-double\libgcc.a(udivdi3.o)
 .comment       0x0000000000000000       0x54 d:/hightectricore_entrytoolchain/toolchains/tricore/v4.9.3.0-infineon-1.0/bin/../lib/gcc/tricore/4.9.4/tc161/short-double\libgcc.a(udiv6432.o)
 .comment       0x0000000000000000       0x54 d:/hightectricore_entrytoolchain/toolchains/tricore/v4.9.3.0-infineon-1.0/bin/../lib/gcc/tricore/4.9.4/../../../../tricore/lib/tc161/short-double\libc.a(lib_a-atexit.o)
 .comment       0x0000000000000000       0x54 d:/hightectricore_entrytoolchain/toolchains/tricore/v4.9.3.0-infineon-1.0/bin/../lib/gcc/tricore/4.9.4/../../../../tricore/lib/tc161/short-double\libc.a(lib_a-atoi.o)
 .comment       0x0000000000000000       0x54 d:/hightectricore_entrytoolchain/toolchains/tricore/v4.9.3.0-infineon-1.0/bin/../lib/gcc/tricore/4.9.4/../../../../tricore/lib/tc161/short-double\libc.a(lib_a-fclose.o)
 .comment       0x0000000000000000       0x54 d:/hightectricore_entrytoolchain/toolchains/tricore/v4.9.3.0-infineon-1.0/bin/../lib/gcc/tricore/4.9.4/../../../../tricore/lib/tc161/short-double\libc.a(lib_a-fflush.o)
 .comment       0x0000000000000000       0x54 d:/hightectricore_entrytoolchain/toolchains/tricore/v4.9.3.0-infineon-1.0/bin/../lib/gcc/tricore/4.9.4/../../../../tricore/lib/tc161/short-double\libc.a(lib_a-findfp.o)
 .comment       0x0000000000000000       0x54 d:/hightectricore_entrytoolchain/toolchains/tricore/v4.9.3.0-infineon-1.0/bin/../lib/gcc/tricore/4.9.4/../../../../tricore/lib/tc161/short-double\libc.a(lib_a-fopen.o)
 .comment       0x0000000000000000       0x54 d:/hightectricore_entrytoolchain/toolchains/tricore/v4.9.3.0-infineon-1.0/bin/../lib/gcc/tricore/4.9.4/../../../../tricore/lib/tc161/short-double\libc.a(lib_a-fprintf.o)
 .comment       0x0000000000000000       0x54 d:/hightectricore_entrytoolchain/toolchains/tricore/v4.9.3.0-infineon-1.0/bin/../lib/gcc/tricore/4.9.4/../../../../tricore/lib/tc161/short-double\libc.a(lib_a-fread.o)
 .comment       0x0000000000000000       0x54 d:/hightectricore_entrytoolchain/toolchains/tricore/v4.9.3.0-infineon-1.0/bin/../lib/gcc/tricore/4.9.4/../../../../tricore/lib/tc161/short-double\libc.a(lib_a-freer.o)
 .comment       0x0000000000000000       0x54 d:/hightectricore_entrytoolchain/toolchains/tricore/v4.9.3.0-infineon-1.0/bin/../lib/gcc/tricore/4.9.4/../../../../tricore/lib/tc161/short-double\libc.a(lib_a-fseek.o)
 .comment       0x0000000000000000       0x54 d:/hightectricore_entrytoolchain/toolchains/tricore/v4.9.3.0-infineon-1.0/bin/../lib/gcc/tricore/4.9.4/../../../../tricore/lib/tc161/short-double\libc.a(lib_a-fstatr.o)
 .comment       0x0000000000000000       0x54 d:/hightectricore_entrytoolchain/toolchains/tricore/v4.9.3.0-infineon-1.0/bin/../lib/gcc/tricore/4.9.4/../../../../tricore/lib/tc161/short-double\libc.a(lib_a-ftell.o)
 .comment       0x0000000000000000       0x54 d:/hightectricore_entrytoolchain/toolchains/tricore/v4.9.3.0-infineon-1.0/bin/../lib/gcc/tricore/4.9.4/../../../../tricore/lib/tc161/short-double\libc.a(lib_a-fwalk.o)
 .comment       0x0000000000000000       0x54 d:/hightectricore_entrytoolchain/toolchains/tricore/v4.9.3.0-infineon-1.0/bin/../lib/gcc/tricore/4.9.4/../../../../tricore/lib/tc161/short-double\libc.a(lib_a-fwrite.o)
 .comment       0x0000000000000000       0x54 d:/hightectricore_entrytoolchain/toolchains/tricore/v4.9.3.0-infineon-1.0/bin/../lib/gcc/tricore/4.9.4/../../../../tricore/lib/tc161/short-double\libc.a(lib_a-getenv.o)
 .comment       0x0000000000000000       0x54 d:/hightectricore_entrytoolchain/toolchains/tricore/v4.9.3.0-infineon-1.0/bin/../lib/gcc/tricore/4.9.4/../../../../tricore/lib/tc161/short-double\libc.a(lib_a-getenv_r.o)
 .comment       0x0000000000000000       0x54 d:/hightectricore_entrytoolchain/toolchains/tricore/v4.9.3.0-infineon-1.0/bin/../lib/gcc/tricore/4.9.4/../../../../tricore/lib/tc161/short-double\libc.a(lib_a-impure.o)
 .comment       0x0000000000000000       0x54 d:/hightectricore_entrytoolchain/toolchains/tricore/v4.9.3.0-infineon-1.0/bin/../lib/gcc/tricore/4.9.4/../../../../tricore/lib/tc161/short-double\libc.a(lib_a-makebuf.o)
 .comment       0x0000000000000000       0x54 d:/hightectricore_entrytoolchain/toolchains/tricore/v4.9.3.0-infineon-1.0/bin/../lib/gcc/tricore/4.9.4/../../../../tricore/lib/tc161/short-double\libc.a(lib_a-malloc.o)
 .comment       0x0000000000000000       0x54 d:/hightectricore_entrytoolchain/toolchains/tricore/v4.9.3.0-infineon-1.0/bin/../lib/gcc/tricore/4.9.4/../../../../tricore/lib/tc161/short-double\libc.a(lib_a-mallocr.o)
 .comment       0x0000000000000000       0x54 d:/hightectricore_entrytoolchain/toolchains/tricore/v4.9.3.0-infineon-1.0/bin/../lib/gcc/tricore/4.9.4/../../../../tricore/lib/tc161/short-double\libc.a(lib_a-memset.o)
 .comment       0x0000000000000000       0x54 d:/hightectricore_entrytoolchain/toolchains/tricore/v4.9.3.0-infineon-1.0/bin/../lib/gcc/tricore/4.9.4/../../../../tricore/lib/tc161/short-double\libc.a(lib_a-mlock.o)
 .comment       0x0000000000000000       0x54 d:/hightectricore_entrytoolchain/toolchains/tricore/v4.9.3.0-infineon-1.0/bin/../lib/gcc/tricore/4.9.4/../../../../tricore/lib/tc161/short-double\libc.a(lib_a-openr.o)
 .comment       0x0000000000000000       0x54 d:/hightectricore_entrytoolchain/toolchains/tricore/v4.9.3.0-infineon-1.0/bin/../lib/gcc/tricore/4.9.4/../../../../tricore/lib/tc161/short-double\libc.a(lib_a-reent.o)
 .comment       0x0000000000000000       0x54 d:/hightectricore_entrytoolchain/toolchains/tricore/v4.9.3.0-infineon-1.0/bin/../lib/gcc/tricore/4.9.4/../../../../tricore/lib/tc161/short-double\libc.a(lib_a-refill.o)
 .comment       0x0000000000000000       0x54 d:/hightectricore_entrytoolchain/toolchains/tricore/v4.9.3.0-infineon-1.0/bin/../lib/gcc/tricore/4.9.4/../../../../tricore/lib/tc161/short-double\libc.a(lib_a-sbrkr.o)
 .comment       0x0000000000000000       0x54 d:/hightectricore_entrytoolchain/toolchains/tricore/v4.9.3.0-infineon-1.0/bin/../lib/gcc/tricore/4.9.4/../../../../tricore/lib/tc161/short-double\libc.a(lib_a-setbuf.o)
 .comment       0x0000000000000000       0x54 d:/hightectricore_entrytoolchain/toolchains/tricore/v4.9.3.0-infineon-1.0/bin/../lib/gcc/tricore/4.9.4/../../../../tricore/lib/tc161/short-double\libc.a(lib_a-setvbuf.o)
 .comment       0x0000000000000000       0x54 d:/hightectricore_entrytoolchain/toolchains/tricore/v4.9.3.0-infineon-1.0/bin/../lib/gcc/tricore/4.9.4/../../../../tricore/lib/tc161/short-double\libc.a(lib_a-stdio.o)
 .comment       0x0000000000000000       0x54 d:/hightectricore_entrytoolchain/toolchains/tricore/v4.9.3.0-infineon-1.0/bin/../lib/gcc/tricore/4.9.4/../../../../tricore/lib/tc161/short-double\libc.a(lib_a-strlen.o)
 .comment       0x0000000000000000       0x54 d:/hightectricore_entrytoolchain/toolchains/tricore/v4.9.3.0-infineon-1.0/bin/../lib/gcc/tricore/4.9.4/../../../../tricore/lib/tc161/short-double\libc.a(lib_a-strncmp.o)
 .comment       0x0000000000000000       0x54 d:/hightectricore_entrytoolchain/toolchains/tricore/v4.9.3.0-infineon-1.0/bin/../lib/gcc/tricore/4.9.4/../../../../tricore/lib/tc161/short-double\libc.a(lib_a-strtol.o)
 .comment       0x0000000000000000       0x54 d:/hightectricore_entrytoolchain/toolchains/tricore/v4.9.3.0-infineon-1.0/bin/../lib/gcc/tricore/4.9.4/../../../../tricore/lib/tc161/short-double\libc.a(lib_a-vfprintf.o)
 .comment       0x0000000000000000       0x54 d:/hightectricore_entrytoolchain/toolchains/tricore/v4.9.3.0-infineon-1.0/bin/../lib/gcc/tricore/4.9.4/../../../../tricore/lib/tc161/short-double\libc.a(lib_a-writer.o)
 .comment       0x0000000000000000       0x54 d:/hightectricore_entrytoolchain/toolchains/tricore/v4.9.3.0-infineon-1.0/bin/../lib/gcc/tricore/4.9.4/../../../../tricore/lib/tc161/short-double\libc.a(lib_a-wsetup.o)
 .comment       0x0000000000000000       0x54 d:/hightectricore_entrytoolchain/toolchains/tricore/v4.9.3.0-infineon-1.0/bin/../lib/gcc/tricore/4.9.4/../../../../tricore/lib/tc161/short-double\libc.a(lib_a-__atexit.o)
 .comment       0x0000000000000000       0x54 d:/hightectricore_entrytoolchain/toolchains/tricore/v4.9.3.0-infineon-1.0/bin/../lib/gcc/tricore/4.9.4/../../../../tricore/lib/tc161/short-double\libc.a(lib_a-closer.o)
 .comment       0x0000000000000000       0x54 d:/hightectricore_entrytoolchain/toolchains/tricore/v4.9.3.0-infineon-1.0/bin/../lib/gcc/tricore/4.9.4/../../../../tricore/lib/tc161/short-double\libc.a(lib_a-ctype_.o)
 .comment       0x0000000000000000       0x54 d:/hightectricore_entrytoolchain/toolchains/tricore/v4.9.3.0-infineon-1.0/bin/../lib/gcc/tricore/4.9.4/../../../../tricore/lib/tc161/short-double\libc.a(lib_a-dtoa.o)